<html>
<body>
<pre>
<h1>礦ision Build Log</h1>
<h2>Tool Versions:</h2>
IDE-Version: μVision V5.14.0.0
Copyright (C) 2015 ARM Ltd and ARM Germany GmbH. All rights reserved.
License Information: yj Microsoft, Microsoft, LIC=9WSCX-H1S57-AQY0M-X56GM-N40U6-U0SQM
 
Tool Versions:
Toolchain:       MDK-ARM Standard  Version: 5.14.0.0
Toolchain Path:  E:\keil5\ARM\ARMCC\Bin
C Compiler:      Armcc.exe V5.05 update 1 (build 106)
Assembler:       Armasm.exe V5.05 update 1 (build 106)
Linker/Locator:  ArmLink.exe V5.05 update 1 (build 106)
Library Manager: ArmAr.exe V5.05 update 1 (build 106)
Hex Converter:   FromElf.exe V5.05 update 1 (build 106)
CPU DLL:         SARMCM3.DLL V5.14.0.0
Dialog DLL:      DCM.DLL V1.13.1.0
Target DLL:      Segger\JL2CM3.dll V2.99.13.0
Dialog DLL:      TCM.DLL V1.14.4.0
 
<h2>Project:</h2>
E:\车队\后底盘\后底盘程序\Project\RVMDK（uv5）\Template.uvprojx
Project File Date:  02/28/2018

<h2>Output:</h2>
Build target 'Target 1'
compiling main.c...
..\..\User\main.c(28): warning:  #177-D: variable "i" was declared but never referenced
        int i;int j;
..\..\User\main.c(28): warning:  #177-D: variable "j" was declared but never referenced
        int i;int j;
..\..\User\main.c(29): warning:  #177-D: variable "led0pwmval" was declared but never referenced
        float led0pwmval=0;
..\..\User\main.c(30): warning:  #177-D: variable "dir" was declared but never referenced
        u8 dir=1;         
..\..\User\main.c(31): warning:  #550-D: variable "ReadValueC0" was set but never used
        uint8_t ReadValueC0;
..\..\User\main.c(32): warning:  #550-D: variable "ReadValueC2" was set but never used
        uint8_t ReadValueC2;
..\..\User\main.c: 6 warnings, 0 errors
linking...
Program Size: Code=8336 RO-data=336 RW-data=124 ZI-data=1228  
FromELF: creating hex file...
"..\..\Output\Template.axf" - 0 Error(s), 6 Warning(s).

<h2>Collection of Component include folders:</h2>
  E:\车队\后底盘\后底盘程序\Project\RVMDK（uv5）\RTE
  E:\keil5\ARM\PACK\Keil\STM32F1xx_DFP\2.2.0

<h2>Collection of Component Files used:</h2>
</pre>
</body>
</html>
