Component: ARM Compiler 5.05 update 1 (build 106) Tool: armlink [4d0efa]

==============================================================================

Section Cross References

    main.o(.text) refers to rt_memcpy_w.o(.text) for __aeabi_memcpy4
    main.o(.text) refers to delay.o(.text) for delay_init
    main.o(.text) refers to sys.o(.text) for NVIC_Configuration
    main.o(.text) refers to usart.o(.text) for uart_init
    main.o(.text) refers to led.o(.text) for LED_Init
    main.o(.text) refers to timer.o(.text) for TIM3_Int_Init
    main.o(.text) refers to wireless.o(.text) for wireless_init
    main.o(.text) refers to exfuns.o(.text) for exfuns_init
    main.o(.text) refers to ds1302.o(.text) for DS1302_Init
    main.o(.text) refers to can.o(.text) for CAN1_Mode_Init
    main.o(.text) refers to dataprocess.o(.text) for dataProcess
    main.o(.text) refers to ds1302.o(.data) for SysDate
    main.o(.text) refers to can.o(.data) for flag300
    main.o(.text) refers to timer.o(.data) for sendFlag
    main.o(.text) refers to exfuns.o(.data) for bw
    system_stm32f10x.o(.text) refers to system_stm32f10x.o(.data) for SystemCoreClock
    dataprocess.o(.text) refers to wireless.o(.text) for wirelessSend
    dataprocess.o(.text) refers to ff.o(.text) for f_write
    test_part.o(.text) refers to delay.o(.text) for delay_ms
    test_part.o(.text) refers to wireless.o(.text) for wirelessSend
    test_part.o(.text) refers to can.o(.text) for Can1_Send_Msg
    test_part.o(.text) refers to dataprocess.o(.text) for dataProcess
    test_part.o(.text) refers to ds1302.o(.text) for DS1302_time
    test_part.o(.text) refers to mmc_sd.o(.text) for SD_Initialize
    test_part.o(.text) refers to ff.o(.text) for f_mount
    test_part.o(.text) refers to can.o(.data) for flag401
    test_part.o(.text) refers to timer.o(.data) for sendFlag
    test_part.o(.text) refers to exfuns.o(.data) for fs
    test_part.o(.text) refers to exfuns.o(.bss) for fileinfo
    test_part.o(.text) refers to rt_memcpy_w.o(.text) for __aeabi_memcpy4
    led.o(.text) refers to stm32f10x_rcc.o(.text) for RCC_APB2PeriphClockCmd
    led.o(.text) refers to stm32f10x_gpio.o(.text) for GPIO_Init
    can.o(.text) refers to stm32f10x_rcc.o(.text) for RCC_APB2PeriphClockCmd
    can.o(.text) refers to stm32f10x_gpio.o(.text) for GPIO_Init
    can.o(.text) refers to stm32f10x_can.o(.text) for CAN_Init
    can.o(.text) refers to can.o(.data) for VMS300
    timer.o(.text) refers to stm32f10x_rcc.o(.text) for RCC_APB1PeriphClockCmd
    timer.o(.text) refers to stm32f10x_tim.o(.text) for TIM_TimeBaseInit
    timer.o(.text) refers to misc.o(.text) for NVIC_Init
    timer.o(.text) refers to can.o(.text) for Can1_Receive_Msg
    timer.o(.text) refers to timer.o(.data) for sendFlag
    wireless.o(.text) refers to stm32f10x_gpio.o(.text) for GPIO_ReadInputDataBit
    wireless.o(.text) refers to stm32f10x_rcc.o(.text) for RCC_APB2PeriphClockCmd
    wireless.o(.text) refers to stm32f10x_usart.o(.text) for USART_SendData
    wireless.o(.text) refers to delay.o(.text) for delay_ms
    mmc_sd.o(.text) refers to spi.o(.text) for SPI1_ReadWriteByte
    mmc_sd.o(.text) refers to stm32f10x_rcc.o(.text) for RCC_APB2PeriphClockCmd
    mmc_sd.o(.text) refers to stm32f10x_gpio.o(.text) for GPIO_Init
    mmc_sd.o(.text) refers to mmc_sd.o(.data) for SD_Type
    spi.o(.text) refers to stm32f10x_spi.o(.text) for SPI_I2S_GetFlagStatus
    spi.o(.text) refers to stm32f10x_rcc.o(.text) for RCC_APB2PeriphClockCmd
    spi.o(.text) refers to stm32f10x_gpio.o(.text) for GPIO_Init
    ds1302.o(.text) refers to stm32f10x_gpio.o(.text) for GPIO_Init
    ds1302.o(.text) refers to stm32f10x_rcc.o(.text) for RCC_APB2PeriphClockCmd
    ds1302.o(.text) refers to delay.o(.text) for delay_us
    ds1302.o(.text) refers to ds1302.o(.data) for SysDate
    delay.o(.text) refers to misc.o(.text) for SysTick_CLKSourceConfig
    delay.o(.text) refers to system_stm32f10x.o(.data) for SystemCoreClock
    delay.o(.text) refers to delay.o(.data) for fac_us
    sys.o(.text) refers to misc.o(.text) for NVIC_PriorityGroupConfig
    usart.o(.text) refers (Special) to use_no_semi_2.o(.text) for __use_no_semihosting
    usart.o(.text) refers to rt_memclr.o(.text) for __aeabi_memclr
    usart.o(.text) refers to stm32f10x_rcc.o(.text) for RCC_APB2PeriphClockCmd
    usart.o(.text) refers to stm32f10x_gpio.o(.text) for GPIO_Init
    usart.o(.text) refers to misc.o(.text) for NVIC_Init
    usart.o(.text) refers to stm32f10x_usart.o(.text) for USART_Init
    usart.o(.text) refers to rt_memcpy_v6.o(.text) for __aeabi_memcpy
    usart.o(.text) refers to strstr.o(.text) for strstr
    usart.o(.text) refers to usart.o(.bss) for USART_RX_BUF
    usart.o(.text) refers to usart.o(.data) for point1
    usart.o(.bss) refers (Special) to use_no_semi_2.o(.text) for __use_no_semihosting
    usart.o(.data) refers (Special) to use_no_semi_2.o(.text) for __use_no_semihosting
[...]
    ..\HARDWARE\SD\MMC_SD.C                  0x00000000   Number         0  mmc_sd.o ABSOLUTE
    ..\HARDWARE\SPI\spi.c                    0x00000000   Number         0  spi.o ABSOLUTE
    ..\HARDWARE\TIMER\timer.c                0x00000000   Number         0  timer.o ABSOLUTE
    ..\HARDWARE\WIRELESS\wireless.c          0x00000000   Number         0  wireless.o ABSOLUTE
    ..\MALLOC\malloc.c                       0x00000000   Number         0  malloc.o ABSOLUTE
    ..\STM32F10x_FWLib\src\misc.c            0x00000000   Number         0  misc.o ABSOLUTE
    ..\STM32F10x_FWLib\src\stm32f10x_bkp.c   0x00000000   Number         0  stm32f10x_bkp.o ABSOLUTE
    ..\STM32F10x_FWLib\src\stm32f10x_can.c   0x00000000   Number         0  stm32f10x_can.o ABSOLUTE
    ..\STM32F10x_FWLib\src\stm32f10x_fsmc.c  0x00000000   Number         0  stm32f10x_fsmc.o ABSOLUTE
    ..\STM32F10x_FWLib\src\stm32f10x_gpio.c  0x00000000   Number         0  stm32f10x_gpio.o ABSOLUTE
    ..\STM32F10x_FWLib\src\stm32f10x_pwr.c   0x00000000   Number         0  stm32f10x_pwr.o ABSOLUTE
    ..\STM32F10x_FWLib\src\stm32f10x_rcc.c   0x00000000   Number         0  stm32f10x_rcc.o ABSOLUTE
    ..\STM32F10x_FWLib\src\stm32f10x_spi.c   0x00000000   Number         0  stm32f10x_spi.o ABSOLUTE
    ..\STM32F10x_FWLib\src\stm32f10x_tim.c   0x00000000   Number         0  stm32f10x_tim.o ABSOLUTE
    ..\STM32F10x_FWLib\src\stm32f10x_usart.c 0x00000000   Number         0  stm32f10x_usart.o ABSOLUTE
    ..\SYSTEM\delay\delay.c                  0x00000000   Number         0  delay.o ABSOLUTE
    ..\SYSTEM\sys\sys.c                      0x00000000   Number         0  sys.o ABSOLUTE
    ..\SYSTEM\usart\usart.c                  0x00000000   Number         0  usart.o ABSOLUTE
    ..\\CORE\\core_cm3.c                     0x00000000   Number         0  core_cm3.o ABSOLUTE
    dataprocess.c                            0x00000000   Number         0  dataprocess.o ABSOLUTE
    dc.s                                     0x00000000   Number         0  dc.o ABSOLUTE
    main.c                                   0x00000000   Number         0  main.o ABSOLUTE
    stm32f10x_it.c                           0x00000000   Number         0  stm32f10x_it.o ABSOLUTE
    system_stm32f10x.c                       0x00000000   Number         0  system_stm32f10x.o ABSOLUTE
    test_part.c                              0x00000000   Number         0  test_part.o ABSOLUTE
    RESET                                    0x08000000   Section      304  startup_stm32f10x_hd.o(RESET)
    !!!main                                  0x08000130   Section        8  __main.o(!!!main)
    !!!scatter                               0x08000138   Section       52  __scatter.o(!!!scatter)
    !!dczerorl2                              0x0800016c   Section       90  __dczerorl2.o(!!dczerorl2)
    !!handler_zi                             0x080001c8   Section       28  __scatter_zi.o(!!handler_zi)
    .ARM.Collect$$libinit$$00000000          0x080001e4   Section        2  libinit.o(.ARM.Collect$$libinit$$00000000)
    .ARM.Collect$$libinit$$00000002          0x080001e6   Section        0  libinit2.o(.ARM.Collect$$libinit$$00000002)
    .ARM.Collect$$libinit$$00000004          0x080001e6   Section        0  libinit2.o(.ARM.Collect$$libinit$$00000004)
    .ARM.Collect$$libinit$$0000000A          0x080001e6   Section        0  libinit2.o(.ARM.Collect$$libinit$$0000000A)
    .ARM.Collect$$libinit$$0000000C          0x080001e6   Section        0  libinit2.o(.ARM.Collect$$libinit$$0000000C)
    .ARM.Collect$$libinit$$0000000E          0x080001e6   Section        0  libinit2.o(.ARM.Collect$$libinit$$0000000E)
    .ARM.Collect$$libinit$$00000011          0x080001e6   Section        0  libinit2.o(.ARM.Collect$$libinit$$00000011)
    .ARM.Collect$$libinit$$00000013          0x080001e6   Section        0  libinit2.o(.ARM.Collect$$libinit$$00000013)
    .ARM.Collect$$libinit$$00000015          0x080001e6   Section        0  libinit2.o(.ARM.Collect$$libinit$$00000015)
    .ARM.Collect$$libinit$$00000017          0x080001e6   Section        0  libinit2.o(.ARM.Collect$$libinit$$00000017)
    .ARM.Collect$$libinit$$00000019          0x080001e6   Section        0  libinit2.o(.ARM.Collect$$libinit$$00000019)
    .ARM.Collect$$libinit$$0000001B          0x080001e6   Section        0  libinit2.o(.ARM.Collect$$libinit$$0000001B)
    .ARM.Collect$$libinit$$0000001D          0x080001e6   Section        0  libinit2.o(.ARM.Collect$$libinit$$0000001D)
    .ARM.Collect$$libinit$$0000001F          0x080001e6   Section        0  libinit2.o(.ARM.Collect$$libinit$$0000001F)
    .ARM.Collect$$libinit$$00000021          0x080001e6   Section        0  libinit2.o(.ARM.Collect$$libinit$$00000021)
    .ARM.Collect$$libinit$$00000023          0x080001e6   Section        0  libinit2.o(.ARM.Collect$$libinit$$00000023)
    .ARM.Collect$$libinit$$00000025          0x080001e6   Section        0  libinit2.o(.ARM.Collect$$libinit$$00000025)
    .ARM.Collect$$libinit$$0000002C          0x080001e6   Section        0  libinit2.o(.ARM.Collect$$libinit$$0000002C)
    .ARM.Collect$$libinit$$0000002E          0x080001e6   Section        0  libinit2.o(.ARM.Collect$$libinit$$0000002E)
    .ARM.Collect$$libinit$$00000030          0x080001e6   Section        0  libinit2.o(.ARM.Collect$$libinit$$00000030)
    .ARM.Collect$$libinit$$00000032          0x080001e6   Section        0  libinit2.o(.ARM.Collect$$libinit$$00000032)
    .ARM.Collect$$libinit$$00000033          0x080001e6   Section        2  libinit2.o(.ARM.Collect$$libinit$$00000033)
    .ARM.Collect$$libshutdown$$00000000      0x080001e8   Section        2  libshutdown.o(.ARM.Collect$$libshutdown$$00000000)
    .ARM.Collect$$libshutdown$$00000003      0x080001ea   Section        0  libshutdown2.o(.ARM.Collect$$libshutdown$$00000003)
    .ARM.Collect$$libshutdown$$00000006      0x080001ea   Section        0  libshutdown2.o(.ARM.Collect$$libshutdown$$00000006)
    .ARM.Collect$$libshutdown$$00000009      0x080001ea   Section        0  libshutdown2.o(.ARM.Collect$$libshutdown$$00000009)
    .ARM.Collect$$libshutdown$$0000000B      0x080001ea   Section        0  libshutdown2.o(.ARM.Collect$$libshutdown$$0000000B)
    .ARM.Collect$$libshutdown$$0000000E      0x080001ea   Section        0  libshutdown2.o(.ARM.Collect$$libshutdown$$0000000E)
    .ARM.Collect$$libshutdown$$0000000F      0x080001ea   Section        2  libshutdown2.o(.ARM.Collect$$libshutdown$$0000000F)
    .ARM.Collect$$rtentry$$00000000          0x080001ec   Section        0  __rtentry.o(.ARM.Collect$$rtentry$$00000000)
    .ARM.Collect$$rtentry$$00000002          0x080001ec   Section        0  __rtentry2.o(.ARM.Collect$$rtentry$$00000002)
    .ARM.Collect$$rtentry$$00000004          0x080001ec   Section        6  __rtentry4.o(.ARM.Collect$$rtentry$$00000004)
    .ARM.Collect$$rtentry$$00000009          0x080001f2   Section        0  __rtentry2.o(.ARM.Collect$$rtentry$$00000009)
    .ARM.Collect$$rtentry$$0000000A          0x080001f2   Section        4  __rtentry2.o(.ARM.Collect$$rtentry$$0000000A)
    .ARM.Collect$$rtentry$$0000000C          0x080001f6   Section        0  __rtentry2.o(.ARM.Collect$$rtentry$$0000000C)
    .ARM.Collect$$rtentry$$0000000D          0x080001f6   Section        8  __rtentry2.o(.ARM.Collect$$rtentry$$0000000D)
    .ARM.Collect$$rtexit$$00000000           0x080001fe   Section        2  rtexit.o(.ARM.Collect$$rtexit$$00000000)
    .ARM.Collect$$rtexit$$00000002           0x08000200   Section        0  rtexit2.o(.ARM.Collect$$rtexit$$00000002)
    .ARM.Collect$$rtexit$$00000003           0x08000200   Section        4  rtexit2.o(.ARM.Collect$$rtexit$$00000003)
    .ARM.Collect$$rtexit$$00000004           0x08000204   Section        6  rtexit2.o(.ARM.Collect$$rtexit$$00000004)
    .text                                    0x0800020c   Section        0  main.o(.text)
    .text                                    0x08000a40   Section        0  stm32f10x_it.o(.text)
    .text                                    0x08000a5c   Section        0  system_stm32f10x.o(.text)
    SetSysClockTo72                          0x08000a5d   Thumb Code   264  system_stm32f10x.o(.text)
    SetSysClock                              0x08000b65   Thumb Code     8  system_stm32f10x.o(.text)
    .text                                    0x08000ce0   Section        0  dataprocess.o(.text)
    .text                                    0x08000e34   Section        0  led.o(.text)
    .text                                    0x08000e68   Section        0  can.o(.text)
    .text                                    0x080014c4   Section        0  timer.o(.text)
    .text                                    0x08001560   Section        0  wireless.o(.text)
    .text                                    0x08001648   Section        0  mmc_sd.o(.text)
    .text                                    0x08001b7c   Section        0  spi.o(.text)
    .text                                    0x08001c80   Section        0  ds1302.o(.text)
    .text                                    0x080021a8   Section        0  delay.o(.text)
    .text                                    0x0800227c   Section        0  sys.o(.text)
    .text                                    0x08002288   Section        0  usart.o(.text)
    .text                                    0x08002570   Section       64  startup_stm32f10x_hd.o(.text)
    .text                                    0x080025b0   Section        0  misc.o(.text)
    .text                                    0x0800268c   Section        0  stm32f10x_gpio.o(.text)
    .text                                    0x080029e8   Section        0  stm32f10x_rcc.o(.text)
    .text                                    0x08002eec   Section        0  stm32f10x_can.o(.text)
    CheckITStatus                            0x080036ef   Thumb Code    18  stm32f10x_can.o(.text)
    .text                                    0x080038dc   Section        0  stm32f10x_usart.o(.text)
    .text                                    0x08003ce4   Section        0  stm32f10x_tim.o(.text)
    TI4_Config                               0x0800418b   Thumb Code   130  stm32f10x_tim.o(.text)
    TI3_Config                               0x0800421f   Thumb Code   122  stm32f10x_tim.o(.text)
    TI2_Config                               0x080042b3   Thumb Code   130  stm32f10x_tim.o(.text)
    TI1_Config                               0x08004347   Thumb Code   108  stm32f10x_tim.o(.text)
    .text                                    0x08004b00   Section        0  stm32f10x_spi.o(.text)
    .text                                    0x08004e54   Section        0  diskio.o(.text)
    .text                                    0x08004f6c   Section        0  ff.o(.text)
    ld_word                                  0x08004f6d   Thumb Code    12  ff.o(.text)
    ld_dword                                 0x08004f79   Thumb Code    24  ff.o(.text)
    st_word                                  0x08004f91   Thumb Code    12  ff.o(.text)
    st_dword                                 0x08004f9d   Thumb Code    24  ff.o(.text)
    mem_cpy                                  0x08004fb5   Thumb Code    26  ff.o(.text)
    mem_set                                  0x08004fcf   Thumb Code    18  ff.o(.text)
    mem_cmp                                  0x08004fe1   Thumb Code    36  ff.o(.text)
    chk_chr                                  0x08005005   Thumb Code    20  ff.o(.text)
    sync_window                              0x08005019   Thumb Code    82  ff.o(.text)
    move_window                              0x0800506b   Thumb Code    52  ff.o(.text)
    sync_fs                                  0x0800509f   Thumb Code   134  ff.o(.text)
    clust2sect                               0x08005125   Thumb Code    26  ff.o(.text)
    get_fat                                  0x0800513f   Thumb Code   224  ff.o(.text)
    put_fat                                  0x0800521f   Thumb Code   312  ff.o(.text)
    remove_chain                             0x08005357   Thumb Code   154  ff.o(.text)
    create_chain                             0x080053f1   Thumb Code   232  ff.o(.text)
    clmt_clust                               0x080054d9   Thumb Code    50  ff.o(.text)
    dir_sdi                                  0x0800550b   Thumb Code   154  ff.o(.text)
    dir_next                                 0x080055a5   Thumb Code   268  ff.o(.text)
    dir_alloc                                0x080056b1   Thumb Code    96  ff.o(.text)
    ld_clust                                 0x08005711   Thumb Code    38  ff.o(.text)
    st_clust                                 0x08005737   Thumb Code    36  ff.o(.text)
    dir_read                                 0x0800575b   Thumb Code   116  ff.o(.text)
    dir_find                                 0x080057cf   Thumb Code   108  ff.o(.text)
    dir_register                             0x0800583b   Thumb Code    60  ff.o(.text)
    dir_remove                               0x08005877   Thumb Code    32  ff.o(.text)
    get_fileinfo                             0x08005897   Thumb Code   140  ff.o(.text)
    create_name                              0x08005923   Thumb Code   200  ff.o(.text)
    follow_path                              0x080059eb   Thumb Code   162  ff.o(.text)
    get_ldnumber                             0x08005a8d   Thumb Code    72  ff.o(.text)
    check_fs                                 0x08005ad5   Thumb Code   116  ff.o(.text)
    find_volume                              0x08005b49   Thumb Code   774  ff.o(.text)
    validate                                 0x08005e4f   Thumb Code    60  ff.o(.text)
    putc_bfd                                 0x08007491   Thumb Code    68  ff.o(.text)
    putc_flush                               0x080074d5   Thumb Code    44  ff.o(.text)
    putc_init                                0x08007501   Thumb Code    10  ff.o(.text)
    .text                                    0x080077bc   Section        0  exfuns.o(.text)
    .text                                    0x08007960   Section        0  malloc.o(.text)
    .text                                    0x08007b94   Section        2  use_no_semi_2.o(.text)
    .text                                    0x08007b96   Section        0  strstr.o(.text)
    .text                                    0x08007bba   Section        0  strcpy.o(.text)
    .text                                    0x08007c02   Section      138  rt_memcpy_v6.o(.text)
    .text                                    0x08007c8c   Section      100  rt_memcpy_w.o(.text)
    .text                                    0x08007cf0   Section       68  rt_memclr.o(.text)
    .text                                    0x08007d34   Section      128  strcmpv7m.o(.text)
    .text                                    0x08007db4   Section        0  heapauxi.o(.text)
    .text                                    0x08007dba   Section        2  use_no_semi.o(.text)
    .text                                    0x08007dbc   Section       78  rt_memclr_w.o(.text)
    .text                                    0x08007e0a   Section       74  sys_stackheap_outer.o(.text)
    .text                                    0x08007e54   Section        0  exit.o(.text)
    .text                                    0x08007e60   Section        8  libspace.o(.text)
    .constdata                               0x08007e68   Section       28  ff.o(.constdata)
    cst                                      0x08007e68   Data          14  ff.o(.constdata)
    cst32                                    0x08007e76   Data          14  ff.o(.constdata)
    .constdata                               0x08007e84   Section       24  malloc.o(.constdata)
    .conststring                             0x08007e9c   Section      100  exfuns.o(.conststring)
    .data                                    0x20000000   Section       20  system_stm32f10x.o(.data)
    .data                                    0x20000014   Section      205  can.o(.data)
    .data                                    0x200000e4   Section        8  timer.o(.data)
    .data                                    0x200000ec   Section        1  mmc_sd.o(.data)
    .data                                    0x200000ee   Section        8  ds1302.o(.data)
    .data                                    0x200000f6   Section        4  delay.o(.data)
    fac_us                                   0x200000f6   Data           1  delay.o(.data)
    fac_ms                                   0x200000f8   Data           2  delay.o(.data)
    .data                                    0x200000fc   Section       10  usart.o(.data)
    .data                                    0x20000106   Section       20  stm32f10x_rcc.o(.data)
    APBAHBPrescTable                         0x20000106   Data          16  stm32f10x_rcc.o(.data)
    ADCPrescTable                            0x20000116   Data           4  stm32f10x_rcc.o(.data)
    .data                                    0x2000011c   Section        6  ff.o(.data)
    FatFs                                    0x2000011c   Data           4  ff.o(.data)
    Fsid                                     0x20000120   Data           2  ff.o(.data)
    .data                                    0x20000124   Section      340  exfuns.o(.data)
    .data                                    0x20000278   Section       28  malloc.o(.data)
    .bss                                     0x20000294   Section      321  usart.o(.bss)
    .bss                                     0x200003d8   Section    43520  malloc.o(.bss)
    .bss                                     0x2000add8   Section       96  libspace.o(.bss)
    HEAP                                     0x2000ae38   Section      512  startup_stm32f10x_hd.o(HEAP)
    Heap_Mem                                 0x2000ae38   Data         512  startup_stm32f10x_hd.o(HEAP)
    STACK                                    0x2000b038   Section     1024  startup_stm32f10x_hd.o(STACK)
    Stack_Mem                                0x2000b038   Data        1024  startup_stm32f10x_hd.o(STACK)
    __initial_sp                             0x2000b438   Data           0  startup_stm32f10x_hd.o(STACK)
    .ARM.__AT_0x68000000                     0x68000000   Section    196608  malloc.o(.ARM.__AT_0x68000000)
    .ARM.__AT_0x68030000                     0x68030000   Section    12288  malloc.o(.ARM.__AT_0x68030000)

    Global Symbols

    Symbol Name                              Value     Ov Type        Size  Object(Section)

    BuildAttributes$$THM_ISAv4$P$D$K$B$S$PE$A:L22UL41UL21$X:L11$S22US41US21$IEEE1$IW$USESV6$~STKCKD$USESV7$~SHL$OSPACE$ROPI$EBA8$UX$STANDARDLIB$REQ8$PRES8$EABIv2 0x00000000   Number         0  anon$$obj.o ABSOLUTE
    __ARM_use_no_argv                        0x00000000   Number         0  main.o ABSOLUTE
    __ARM_exceptions_init                     - Undefined Weak Reference
    __alloca_initialize                       - Undefined Weak Reference
    __arm_preinit_                            - Undefined Weak Reference
    __cpp_initialize__aeabi_                  - Undefined Weak Reference
    __cxa_finalize                            - Undefined Weak Reference
    __rt_locale                               - Undefined Weak Reference
    __sigvec_lookup                           - Undefined Weak Reference
    _atexit_init                              - Undefined Weak Reference
    _call_atexit_fns                          - Undefined Weak Reference
    _clock_init                               - Undefined Weak Reference
    _fp_trap_init                             - Undefined Weak Reference
    _fp_trap_shutdown                         - Undefined Weak Reference
    _get_lc_collate                           - Undefined Weak Reference
    _get_lc_ctype                             - Undefined Weak Reference
    _get_lc_monetary                          - Undefined Weak Reference
    _get_lc_numeric                           - Undefined Weak Reference
    _get_lc_time                              - Undefined Weak Reference
    _getenv_init                              - Undefined Weak Reference
    _handle_redirection                       - Undefined Weak Reference
    _init_alloc                               - Undefined Weak Reference
    _init_user_alloc                          - Undefined Weak Reference
    _initio                                   - Undefined Weak Reference
    _rand_init                                - Undefined Weak Reference
    _signal_finish                            - Undefined Weak Reference
    _signal_init                              - Undefined Weak Reference
    _terminate_alloc                          - Undefined Weak Reference
    _terminate_user_alloc                     - Undefined Weak Reference
    _terminateio                              - Undefined Weak Reference
    __Vectors_Size                           0x00000130   Number         0  startup_stm32f10x_hd.o ABSOLUTE
    __Vectors                                0x08000000   Data           4  startup_stm32f10x_hd.o(RESET)
    __Vectors_End                            0x08000130   Data           0  startup_stm32f10x_hd.o(RESET)
    __main                                   0x08000131   Thumb Code     8  __main.o(!!!main)
    __scatterload                            0x08000139   Thumb Code     0  __scatter.o(!!!scatter)
    __scatterload_rt2                        0x08000139   Thumb Code    44  __scatter.o(!!!scatter)
    __scatterload_rt2_thumb_only             0x08000139   Thumb Code     0  __scatter.o(!!!scatter)
    __scatterload_null                       0x08000147   Thumb Code     0  __scatter.o(!!!scatter)
    __decompress                             0x0800016d   Thumb Code    90  __dczerorl2.o(!!dczerorl2)
    __decompress1                            0x0800016d   Thumb Code     0  __dczerorl2.o(!!dczerorl2)
    __scatterload_zeroinit                   0x080001c9   Thumb Code    28  __scatter_zi.o(!!handler_zi)
    __rt_lib_init                            0x080001e5   Thumb Code     0  libinit.o(.ARM.Collect$$libinit$$00000000)
    __rt_lib_init_alloca_1                   0x080001e7   Thumb Code     0  libinit2.o(.ARM.Collect$$libinit$$0000002E)
    __rt_lib_init_argv_1                     0x080001e7   Thumb Code     0  libinit2.o(.ARM.Collect$$libinit$$0000002C)
    __rt_lib_init_atexit_1                   0x080001e7   Thumb Code     0  libinit2.o(.ARM.Collect$$libinit$$0000001B)
    __rt_lib_init_clock_1                    0x080001e7   Thumb Code     0  libinit2.o(.ARM.Collect$$libinit$$00000021)
    __rt_lib_init_cpp_1                      0x080001e7   Thumb Code     0  libinit2.o(.ARM.Collect$$libinit$$00000032)
    __rt_lib_init_exceptions_1               0x080001e7   Thumb Code     0  libinit2.o(.ARM.Collect$$libinit$$00000030)
    __rt_lib_init_fp_1                       0x080001e7   Thumb Code     0  libinit2.o(.ARM.Collect$$libinit$$00000002)
    __rt_lib_init_fp_trap_1                  0x080001e7   Thumb Code     0  libinit2.o(.ARM.Collect$$libinit$$0000001F)
    __rt_lib_init_getenv_1                   0x080001e7   Thumb Code     0  libinit2.o(.ARM.Collect$$libinit$$00000023)
    __rt_lib_init_heap_1                     0x080001e7   Thumb Code     0  libinit2.o(.ARM.Collect$$libinit$$0000000A)
    __rt_lib_init_lc_collate_1               0x080001e7   Thumb Code     0  libinit2.o(.ARM.Collect$$libinit$$00000011)
    __rt_lib_init_lc_ctype_1                 0x080001e7   Thumb Code     0  libinit2.o(.ARM.Collect$$libinit$$00000013)
    __rt_lib_init_lc_monetary_1              0x080001e7   Thumb Code     0  libinit2.o(.ARM.Collect$$libinit$$00000015)
    __rt_lib_init_lc_numeric_1               0x080001e7   Thumb Code     0  libinit2.o(.ARM.Collect$$libinit$$00000017)
    __rt_lib_init_lc_time_1                  0x080001e7   Thumb Code     0  libinit2.o(.ARM.Collect$$libinit$$00000019)
    __rt_lib_init_preinit_1                  0x080001e7   Thumb Code     0  libinit2.o(.ARM.Collect$$libinit$$00000004)
    __rt_lib_init_rand_1                     0x080001e7   Thumb Code     0  libinit2.o(.ARM.Collect$$libinit$$0000000E)
    __rt_lib_init_return                     0x080001e7   Thumb Code     0  libinit2.o(.ARM.Collect$$libinit$$00000033)
    __rt_lib_init_signal_1                   0x080001e7   Thumb Code     0  libinit2.o(.ARM.Collect$$libinit$$0000001D)
    __rt_lib_init_stdio_1                    0x080001e7   Thumb Code     0  libinit2.o(.ARM.Collect$$libinit$$00000025)
    __rt_lib_init_user_alloc_1               0x080001e7   Thumb Code     0  libinit2.o(.ARM.Collect$$libinit$$0000000C)
    __rt_lib_shutdown                        0x080001e9   Thumb Code     0  libshutdown.o(.ARM.Collect$$libshutdown$$00000000)
    __rt_lib_shutdown_fp_trap_1              0x080001eb   Thumb Code     0  libshutdown2.o(.ARM.Collect$$libshutdown$$00000006)
    __rt_lib_shutdown_heap_1                 0x080001eb   Thumb Code     0  libshutdown2.o(.ARM.Collect$$libshutdown$$0000000E)
    __rt_lib_shutdown_return                 0x080001eb   Thumb Code     0  libshutdown2.o(.ARM.Collect$$libshutdown$$0000000F)
    __rt_lib_shutdown_signal_1               0x080001eb   Thumb Code     0  libshutdown2.o(.ARM.Collect$$libshutdown$$00000009)
    __rt_lib_shutdown_stdio_1                0x080001eb   Thumb Code     0  libshutdown2.o(.ARM.Collect$$libshutdown$$00000003)
    __rt_lib_shutdown_user_alloc_1           0x080001eb   Thumb Code     0  libshutdown2.o(.ARM.Collect$$libshutdown$$0000000B)
    __rt_entry                               0x080001ed   Thumb Code     0  __rtentry.o(.ARM.Collect$$rtentry$$00000000)
    __rt_entry_presh_1                       0x080001ed   Thumb Code     0  __rtentry2.o(.ARM.Collect$$rtentry$$00000002)
    __rt_entry_sh                            0x080001ed   Thumb Code     0  __rtentry4.o(.ARM.Collect$$rtentry$$00000004)
    __rt_entry_li                            0x080001f3   Thumb Code     0  __rtentry2.o(.ARM.Collect$$rtentry$$0000000A)
    __rt_entry_postsh_1                      0x080001f3   Thumb Code     0  __rtentry2.o(.ARM.Collect$$rtentry$$00000009)
    __rt_entry_main                          0x080001f7   Thumb Code     0  __rtentry2.o(.ARM.Collect$$rtentry$$0000000D)
    __rt_entry_postli_1                      0x080001f7   Thumb Code     0  __rtentry2.o(.ARM.Collect$$rtentry$$0000000C)
    __rt_exit                                0x080001ff   Thumb Code     0  rtexit.o(.ARM.Collect$$rtexit$$00000000)
    __rt_exit_ls                             0x08000201   Thumb Code     0  rtexit2.o(.ARM.Collect$$rtexit$$00000003)
    __rt_exit_prels_1                        0x08000201   Thumb Code     0  rtexit2.o(.ARM.Collect$$rtexit$$00000002)
    __rt_exit_exit                           0x08000205   Thumb Code     0  rtexit2.o(.ARM.Collect$$rtexit$$00000004)
    main                                     0x0800020d   Thumb Code  1924  main.o(.text)
    NMI_Handler                              0x08000a41   Thumb Code     2  stm32f10x_it.o(.text)
    HardFault_Handler                        0x08000a43   Thumb Code     4  stm32f10x_it.o(.text)
    MemManage_Handler                        0x08000a47   Thumb Code     4  stm32f10x_it.o(.text)
    BusFault_Handler                         0x08000a4b   Thumb Code     4  stm32f10x_it.o(.text)
    UsageFault_Handler                       0x08000a4f   Thumb Code     4  stm32f10x_it.o(.text)
    SVC_Handler                              0x08000a53   Thumb Code     2  stm32f10x_it.o(.text)
    DebugMon_Handler                         0x08000a55   Thumb Code     2  stm32f10x_it.o(.text)
    PendSV_Handler                           0x08000a57   Thumb Code     2  stm32f10x_it.o(.text)
    SysTick_Handler                          0x08000a59   Thumb Code     2  stm32f10x_it.o(.text)
    SystemInit                               0x08000b6d   Thumb Code    92  system_stm32f10x.o(.text)
    SystemCoreClockUpdate                    0x08000bc9   Thumb Code   232  system_stm32f10x.o(.text)
    u8dec_TwoHex                             0x08000ce1   Thumb Code    92  dataprocess.o(.text)
    three2onestr                             0x08000d3d   Thumb Code    70  dataprocess.o(.text)
    dataProcess                              0x08000d83   Thumb Code    58  dataprocess.o(.text)
    sdwrite                                  0x08000dbd   Thumb Code   116  dataprocess.o(.text)
    LED_Init                                 0x08000e35   Thumb Code    46  led.o(.text)
    copyArrayList                            0x08000e69   Thumb Code    18  can.o(.text)
    CAN1_Mode_Init                           0x08000e7b   Thumb Code   200  can.o(.text)
    CAN2_Mode_Init                           0x08000f43   Thumb Code   202  can.o(.text)
    Can1_Send_Msg                            0x0800100d   Thumb Code   112  can.o(.text)
    Can2_Send_Msg                            0x0800107d   Thumb Code   112  can.o(.text)
    Can1_Receive_Msg                         0x080010ed   Thumb Code   338  can.o(.text)
    Can2_Receive_Msg                         0x0800123f   Thumb Code   550  can.o(.text)
    TIM3_Int_Init                            0x080014c5   Thumb Code    88  timer.o(.text)
    TIM3_IRQHandler                          0x0800151d   Thumb Code    58  timer.o(.text)
    wirelessBusy                             0x08001561   Thumb Code    22  wireless.o(.text)
    wireless_init                            0x08001577   Thumb Code    56  wireless.o(.text)
    wirelessSend                             0x080015af   Thumb Code    68  wireless.o(.text)
    wirelessSend_u8                          0x080015f3   Thumb Code    68  wireless.o(.text)
    Convertion                               0x08001649   Thumb Code    18  mmc_sd.o(.text)
    SD_SPI_ReadWriteByte                     0x0800165b   Thumb Code    12  mmc_sd.o(.text)
    SD_SPI_SpeedLow                          0x08001667   Thumb Code    10  mmc_sd.o(.text)
    SD_SPI_SpeedHigh                         0x08001671   Thumb Code    10  mmc_sd.o(.text)
    SD_SPI_Init                              0x0800167b   Thumb Code    54  mmc_sd.o(.text)
    SD_DisSelect                             0x080016b1   Thumb Code    16  mmc_sd.o(.text)
    SD_WaitReady                             0x080016c1   Thumb Code    34  mmc_sd.o(.text)
    SD_Select                                0x080016e3   Thumb Code    26  mmc_sd.o(.text)
    SD_GetResponse                           0x080016fd   Thumb Code    38  mmc_sd.o(.text)
    SD_RecvData                              0x08001723   Thumb Code    56  mmc_sd.o(.text)
    SD_SendBlock                             0x0800175b   Thumb Code    82  mmc_sd.o(.text)
    SD_SendCmd                               0x080017ad   Thumb Code   120  mmc_sd.o(.text)
    SD_GetCID                                0x08001825   Thumb Code    42  mmc_sd.o(.text)
    SD_GetCSD                                0x0800184f   Thumb Code    42  mmc_sd.o(.text)
    SD_GetSectorCount                        0x08001879   Thumb Code   118  mmc_sd.o(.text)
    SD_Initialize                            0x080018ef   Thumb Code   398  mmc_sd.o(.text)
    SD_ReadDisk                              0x08001a7d   Thumb Code   112  mmc_sd.o(.text)
    SD_WriteDisk                             0x08001aed   Thumb Code   140  mmc_sd.o(.text)
    SPI1_ReadWriteByte                       0x08001b7d   Thumb Code    78  spi.o(.text)
    SPI1_Init                                0x08001bcb   Thumb Code   136  spi.o(.text)
    SPI1_SetSpeed                            0x08001c53   Thumb Code    36  spi.o(.text)
    DAT_MODE_OUT                             0x08001c81   Thumb Code    30  ds1302.o(.text)
    DAT_MODE_IN                              0x08001c9f   Thumb Code    24  ds1302.o(.text)
    DS1302_GPIO_Init                         0x08001cb7   Thumb Code    66  ds1302.o(.text)
    DS1302_WriteOneByte                      0x08001cf9   Thumb Code    84  ds1302.o(.text)
    DS1302_WriteByte                         0x08001d4d   Thumb Code    60  ds1302.o(.text)
    DS1302_ReadByte                          0x08001d89   Thumb Code   140  ds1302.o(.text)
    DS1302_DateSet                           0x08001e15   Thumb Code   262  ds1302.o(.text)
    DS1302_DateRead                          0x08001f1b   Thumb Code   338  ds1302.o(.text)
    DS1302_Init                              0x0800206d   Thumb Code   116  ds1302.o(.text)
    DS1302_time                              0x080020e1   Thumb Code   196  ds1302.o(.text)
    delay_init                               0x080021a9   Thumb Code    50  delay.o(.text)
    delay_us                                 0x080021db   Thumb Code    72  delay.o(.text)
    delay_ms                                 0x08002223   Thumb Code    72  delay.o(.text)
    NVIC_Configuration                       0x0800227d   Thumb Code    12  sys.o(.text)
    _sys_exit                                0x08002289   Thumb Code     6  usart.o(.text)
    fputc                                    0x0800228f   Thumb Code    24  usart.o(.text)
    CLR_Buf                                  0x080022a7   Thumb Code    18  usart.o(.text)
    uart_init                                0x080022b9   Thumb Code   156  usart.o(.text)
    USART1_IRQHandler                        0x08002355   Thumb Code   134  usart.o(.text)
    uart_init2                               0x080023db   Thumb Code   160  usart.o(.text)
    USART2_IRQHandler                        0x0800247b   Thumb Code   122  usart.o(.text)
    Hand                                     0x080024f5   Thumb Code    22  usart.o(.text)
    clrStruct                                0x0800250b   Thumb Code    72  usart.o(.text)
    Reset_Handler                            0x08002571   Thumb Code     8  startup_stm32f10x_hd.o(.text)
    ADC1_2_IRQHandler                        0x0800258b   Thumb Code     0  startup_stm32f10x_hd.o(.text)
    ADC3_IRQHandler                          0x0800258b   Thumb Code     0  startup_stm32f10x_hd.o(.text)
    CAN1_RX1_IRQHandler                      0x0800258b   Thumb Code     0  startup_stm32f10x_hd.o(.text)
    CAN1_SCE_IRQHandler                      0x0800258b   Thumb Code     0  startup_stm32f10x_hd.o(.text)
    DMA1_Channel1_IRQHandler                 0x0800258b   Thumb Code     0  startup_stm32f10x_hd.o(.text)
    DMA1_Channel2_IRQHandler                 0x0800258b   Thumb Code     0  startup_stm32f10x_hd.o(.text)
    DMA1_Channel3_IRQHandler                 0x0800258b   Thumb Code     0  startup_stm32f10x_hd.o(.text)
    DMA1_Channel4_IRQHandler                 0x0800258b   Thumb Code     0  startup_stm32f10x_hd.o(.text)
    DMA1_Channel5_IRQHandler                 0x0800258b   Thumb Code     0  startup_stm32f10x_hd.o(.text)
    DMA1_Channel6_IRQHandler                 0x0800258b   Thumb Code     0  startup_stm32f10x_hd.o(.text)
    DMA1_Channel7_IRQHandler                 0x0800258b   Thumb Code     0  startup_stm32f10x_hd.o(.text)
    DMA2_Channel1_IRQHandler                 0x0800258b   Thumb Code     0  startup_stm32f10x_hd.o(.text)
    DMA2_Channel2_IRQHandler                 0x0800258b   Thumb Code     0  startup_stm32f10x_hd.o(.text)
    DMA2_Channel3_IRQHandler                 0x0800258b   Thumb Code     0  startup_stm32f10x_hd.o(.text)
    DMA2_Channel4_5_IRQHandler               0x0800258b   Thumb Code     0  startup_stm32f10x_hd.o(.text)
    EXTI0_IRQHandler                         0x0800258b   Thumb Code     0  startup_stm32f10x_hd.o(.text)
    EXTI15_10_IRQHandler                     0x0800258b   Thumb Code     0  startup_stm32f10x_hd.o(.text)
    EXTI1_IRQHandler                         0x0800258b   Thumb Code     0  startup_stm32f10x_hd.o(.text)
    EXTI2_IRQHandler                         0x0800258b   Thumb Code     0  startup_stm32f10x_hd.o(.text)
    EXTI3_IRQHandler                         0x0800258b   Thumb Code     0  startup_stm32f10x_hd.o(.text)
    EXTI4_IRQHandler                         0x0800258b   Thumb Code     0  startup_stm32f10x_hd.o(.text)
    EXTI9_5_IRQHandler                       0x0800258b   Thumb Code     0  startup_stm32f10x_hd.o(.text)
    FLASH_IRQHandler                         0x0800258b   Thumb Code     0  startup_stm32f10x_hd.o(.text)
    FSMC_IRQHandler                          0x0800258b   Thumb Code     0  startup_stm32f10x_hd.o(.text)
    I2C1_ER_IRQHandler                       0x0800258b   Thumb Code     0  startup_stm32f10x_hd.o(.text)
    I2C1_EV_IRQHandler                       0x0800258b   Thumb Code     0  startup_stm32f10x_hd.o(.text)
    I2C2_ER_IRQHandler                       0x0800258b   Thumb Code     0  startup_stm32f10x_hd.o(.text)
    I2C2_EV_IRQHandler                       0x0800258b   Thumb Code     0  startup_stm32f10x_hd.o(.text)
    PVD_IRQHandler                           0x0800258b   Thumb Code     0  startup_stm32f10x_hd.o(.text)
    RCC_IRQHandler                           0x0800258b   Thumb Code     0  startup_stm32f10x_hd.o(.text)
    RTCAlarm_IRQHandler                      0x0800258b   Thumb Code     0  startup_stm32f10x_hd.o(.text)
    RTC_IRQHandler                           0x0800258b   Thumb Code     0  startup_stm32f10x_hd.o(.text)
    SDIO_IRQHandler                          0x0800258b   Thumb Code     0  startup_stm32f10x_hd.o(.text)
    SPI1_IRQHandler                          0x0800258b   Thumb Code     0  startup_stm32f10x_hd.o(.text)
    SPI2_IRQHandler                          0x0800258b   Thumb Code     0  startup_stm32f10x_hd.o(.text)
    SPI3_IRQHandler                          0x0800258b   Thumb Code     0  startup_stm32f10x_hd.o(.text)
    TAMPER_IRQHandler                        0x0800258b   Thumb Code     0  startup_stm32f10x_hd.o(.text)
    TIM1_BRK_IRQHandler                      0x0800258b   Thumb Code     0  startup_stm32f10x_hd.o(.text)
    TIM1_CC_IRQHandler                       0x0800258b   Thumb Code     0  startup_stm32f10x_hd.o(.text)
    TIM1_TRG_COM_IRQHandler                  0x0800258b   Thumb Code     0  startup_stm32f10x_hd.o(.text)
    TIM1_UP_IRQHandler                       0x0800258b   Thumb Code     0  startup_stm32f10x_hd.o(.text)
    TIM2_IRQHandler                          0x0800258b   Thumb Code     0  startup_stm32f10x_hd.o(.text)
    TIM4_IRQHandler                          0x0800258b   Thumb Code     0  startup_stm32f10x_hd.o(.text)
    TIM5_IRQHandler                          0x0800258b   Thumb Code     0  startup_stm32f10x_hd.o(.text)
    TIM6_IRQHandler                          0x0800258b   Thumb Code     0  startup_stm32f10x_hd.o(.text)
    TIM7_IRQHandler                          0x0800258b   Thumb Code     0  startup_stm32f10x_hd.o(.text)
    TIM8_BRK_IRQHandler                      0x0800258b   Thumb Code     0  startup_stm32f10x_hd.o(.text)
    TIM8_CC_IRQHandler                       0x0800258b   Thumb Code     0  startup_stm32f10x_hd.o(.text)
    TIM8_TRG_COM_IRQHandler                  0x0800258b   Thumb Code     0  startup_stm32f10x_hd.o(.text)
    TIM8_UP_IRQHandler                       0x0800258b   Thumb Code     0  startup_stm32f10x_hd.o(.text)
    UART4_IRQHandler                         0x0800258b   Thumb Code     0  startup_stm32f10x_hd.o(.text)
    UART5_IRQHandler                         0x0800258b   Thumb Code     0  startup_stm32f10x_hd.o(.text)
    USART3_IRQHandler                        0x0800258b   Thumb Code     0  startup_stm32f10x_hd.o(.text)
    USBWakeUp_IRQHandler                     0x0800258b   Thumb Code     0  startup_stm32f10x_hd.o(.text)
    USB_HP_CAN1_TX_IRQHandler                0x0800258b   Thumb Code     0  startup_stm32f10x_hd.o(.text)
    USB_LP_CAN1_RX0_IRQHandler               0x0800258b   Thumb Code     0  startup_stm32f10x_hd.o(.text)
    WWDG_IRQHandler                          0x0800258b   Thumb Code     0  startup_stm32f10x_hd.o(.text)
    __user_initial_stackheap                 0x0800258d   Thumb Code     0  startup_stm32f10x_hd.o(.text)
    NVIC_PriorityGroupConfig                 0x080025b1   Thumb Code    10  misc.o(.text)
    NVIC_Init                                0x080025bb   Thumb Code   100  misc.o(.text)
    NVIC_SetVectorTable                      0x0800261f   Thumb Code    14  misc.o(.text)
    NVIC_SystemLPConfig                      0x0800262d   Thumb Code    34  misc.o(.text)
    SysTick_CLKSourceConfig                  0x0800264f   Thumb Code    40  misc.o(.text)
    GPIO_DeInit                              0x0800268d   Thumb Code   172  stm32f10x_gpio.o(.text)
    GPIO_AFIODeInit                          0x08002739   Thumb Code    20  stm32f10x_gpio.o(.text)
    GPIO_Init                                0x0800274d   Thumb Code   278  stm32f10x_gpio.o(.text)
    GPIO_StructInit                          0x08002863   Thumb Code    16  stm32f10x_gpio.o(.text)
    GPIO_ReadInputDataBit                    0x08002873   Thumb Code    18  stm32f10x_gpio.o(.text)
    GPIO_ReadInputData                       0x08002885   Thumb Code     8  stm32f10x_gpio.o(.text)
    GPIO_ReadOutputDataBit                   0x0800288d   Thumb Code    18  stm32f10x_gpio.o(.text)
    GPIO_ReadOutputData                      0x0800289f   Thumb Code     8  stm32f10x_gpio.o(.text)
    GPIO_SetBits                             0x080028a7   Thumb Code     4  stm32f10x_gpio.o(.text)
    GPIO_ResetBits                           0x080028ab   Thumb Code     4  stm32f10x_gpio.o(.text)
    GPIO_WriteBit                            0x080028af   Thumb Code    10  stm32f10x_gpio.o(.text)
    GPIO_Write                               0x080028b9   Thumb Code     4  stm32f10x_gpio.o(.text)
    GPIO_PinLockConfig                       0x080028bd   Thumb Code    18  stm32f10x_gpio.o(.text)
    GPIO_EventOutputConfig                   0x080028cf   Thumb Code    26  stm32f10x_gpio.o(.text)
    GPIO_EventOutputCmd                      0x080028e9   Thumb Code     6  stm32f10x_gpio.o(.text)
    GPIO_PinRemapConfig                      0x080028ef   Thumb Code   138  stm32f10x_gpio.o(.text)
    GPIO_EXTILineConfig                      0x08002979   Thumb Code    66  stm32f10x_gpio.o(.text)
    GPIO_ETH_MediaInterfaceConfig            0x080029bb   Thumb Code     8  stm32f10x_gpio.o(.text)
    RCC_DeInit                               0x080029e9   Thumb Code    78  stm32f10x_rcc.o(.text)
    RCC_HSEConfig                            0x08002a37   Thumb Code    70  stm32f10x_rcc.o(.text)
    RCC_GetFlagStatus                        0x08002a7d   Thumb Code    56  stm32f10x_rcc.o(.text)
    RCC_WaitForHSEStartUp                    0x08002ab5   Thumb Code    56  stm32f10x_rcc.o(.text)
    RCC_AdjustHSICalibrationValue            0x08002aed   Thumb Code    20  stm32f10x_rcc.o(.text)
    RCC_HSICmd                               0x08002b01   Thumb Code     6  stm32f10x_rcc.o(.text)
    RCC_PLLConfig                            0x08002b07   Thumb Code    24  stm32f10x_rcc.o(.text)
    RCC_PLLCmd                               0x08002b1f   Thumb Code     6  stm32f10x_rcc.o(.text)
    RCC_PREDIV1Config                        0x08002b25   Thumb Code    24  stm32f10x_rcc.o(.text)
    RCC_PREDIV2Config                        0x08002b3d   Thumb Code    18  stm32f10x_rcc.o(.text)
    RCC_PLL2Config                           0x08002b4f   Thumb Code    18  stm32f10x_rcc.o(.text)
    RCC_PLL2Cmd                              0x08002b61   Thumb Code     6  stm32f10x_rcc.o(.text)
    RCC_PLL3Config                           0x08002b67   Thumb Code    18  stm32f10x_rcc.o(.text)
    RCC_PLL3Cmd                              0x08002b79   Thumb Code     6  stm32f10x_rcc.o(.text)
    RCC_SYSCLKConfig                         0x08002b7f   Thumb Code    18  stm32f10x_rcc.o(.text)
    RCC_GetSYSCLKSource                      0x08002b91   Thumb Code    10  stm32f10x_rcc.o(.text)
    RCC_HCLKConfig                           0x08002b9b   Thumb Code    18  stm32f10x_rcc.o(.text)
    RCC_PCLK1Config                          0x08002bad   Thumb Code    18  stm32f10x_rcc.o(.text)
    RCC_PCLK2Config                          0x08002bbf   Thumb Code    20  stm32f10x_rcc.o(.text)
    RCC_ITConfig                             0x08002bd3   Thumb Code    26  stm32f10x_rcc.o(.text)
    RCC_OTGFSCLKConfig                       0x08002bed   Thumb Code     8  stm32f10x_rcc.o(.text)
    RCC_ADCCLKConfig                         0x08002bf5   Thumb Code    18  stm32f10x_rcc.o(.text)
    RCC_I2S2CLKConfig                        0x08002c07   Thumb Code     6  stm32f10x_rcc.o(.text)
    RCC_I2S3CLKConfig                        0x08002c0d   Thumb Code     8  stm32f10x_rcc.o(.text)
    RCC_LSEConfig                            0x08002c15   Thumb Code    50  stm32f10x_rcc.o(.text)
    RCC_LSICmd                               0x08002c47   Thumb Code     6  stm32f10x_rcc.o(.text)
    RCC_RTCCLKConfig                         0x08002c4d   Thumb Code    12  stm32f10x_rcc.o(.text)
    RCC_RTCCLKCmd                            0x08002c59   Thumb Code     8  stm32f10x_rcc.o(.text)
    RCC_GetClocksFreq                        0x08002c61   Thumb Code   424  stm32f10x_rcc.o(.text)
    RCC_AHBPeriphClockCmd                    0x08002e09   Thumb Code    26  stm32f10x_rcc.o(.text)
    RCC_APB2PeriphClockCmd                   0x08002e23   Thumb Code    26  stm32f10x_rcc.o(.text)
    RCC_APB1PeriphClockCmd                   0x08002e3d   Thumb Code    26  stm32f10x_rcc.o(.text)
    RCC_AHBPeriphResetCmd                    0x08002e57   Thumb Code    26  stm32f10x_rcc.o(.text)
    RCC_APB2PeriphResetCmd                   0x08002e71   Thumb Code    26  stm32f10x_rcc.o(.text)
    RCC_APB1PeriphResetCmd                   0x08002e8b   Thumb Code    26  stm32f10x_rcc.o(.text)
    RCC_BackupResetCmd                       0x08002ea5   Thumb Code     6  stm32f10x_rcc.o(.text)
    RCC_ClockSecuritySystemCmd               0x08002eab   Thumb Code     6  stm32f10x_rcc.o(.text)
    RCC_MCOConfig                            0x08002eb1   Thumb Code     6  stm32f10x_rcc.o(.text)
    RCC_ClearFlag                            0x08002eb7   Thumb Code    14  stm32f10x_rcc.o(.text)
    RCC_GetITStatus                          0x08002ec5   Thumb Code    20  stm32f10x_rcc.o(.text)
    RCC_ClearITPendingBit                    0x08002ed9   Thumb Code     6  stm32f10x_rcc.o(.text)
    CAN_DeInit                               0x08002eed   Thumb Code    50  stm32f10x_can.o(.text)
    CAN_Init                                 0x08002f1f   Thumb Code   276  stm32f10x_can.o(.text)
    CAN_FilterInit                           0x08003033   Thumb Code   258  stm32f10x_can.o(.text)
    CAN_StructInit                           0x08003135   Thumb Code    32  stm32f10x_can.o(.text)
    CAN_SlaveStartBank                       0x08003155   Thumb Code    48  stm32f10x_can.o(.text)
    CAN_DBGFreeze                            0x08003185   Thumb Code    22  stm32f10x_can.o(.text)
    CAN_TTComModeCmd                         0x0800319b   Thumb Code   118  stm32f10x_can.o(.text)
    CAN_Transmit                             0x08003211   Thumb Code   304  stm32f10x_can.o(.text)
    CAN_TransmitStatus                       0x08003341   Thumb Code   138  stm32f10x_can.o(.text)
    CAN_CancelTransmit                       0x080033cb   Thumb Code    48  stm32f10x_can.o(.text)
    CAN_Receive                              0x080033fb   Thumb Code   240  stm32f10x_can.o(.text)
    CAN_FIFORelease                          0x080034eb   Thumb Code    22  stm32f10x_can.o(.text)
    CAN_MessagePending                       0x08003501   Thumb Code    30  stm32f10x_can.o(.text)
    CAN_OperatingModeRequest                 0x0800351f   Thumb Code   162  stm32f10x_can.o(.text)
    CAN_Sleep                                0x080035c1   Thumb Code    30  stm32f10x_can.o(.text)
    CAN_WakeUp                               0x080035df   Thumb Code    48  stm32f10x_can.o(.text)
    CAN_GetLastErrorCode                     0x0800360f   Thumb Code    12  stm32f10x_can.o(.text)
    CAN_GetReceiveErrorCounter               0x0800361b   Thumb Code    10  stm32f10x_can.o(.text)
    CAN_GetLSBTransmitErrorCounter           0x08003625   Thumb Code    12  stm32f10x_can.o(.text)
    CAN_ITConfig                             0x08003631   Thumb Code    18  stm32f10x_can.o(.text)
    CAN_GetFlagStatus                        0x08003643   Thumb Code   120  stm32f10x_can.o(.text)
    CAN_ClearFlag                            0x080036bb   Thumb Code    52  stm32f10x_can.o(.text)
    CAN_GetITStatus                          0x08003701   Thumb Code   310  stm32f10x_can.o(.text)
    CAN_ClearITPendingBit                    0x08003837   Thumb Code   162  stm32f10x_can.o(.text)
    USART_DeInit                             0x080038dd   Thumb Code   134  stm32f10x_usart.o(.text)
    USART_Init                               0x08003963   Thumb Code   210  stm32f10x_usart.o(.text)
    USART_StructInit                         0x08003a35   Thumb Code    24  stm32f10x_usart.o(.text)
    USART_ClockInit                          0x08003a4d   Thumb Code    34  stm32f10x_usart.o(.text)
    USART_ClockStructInit                    0x08003a6f   Thumb Code    12  stm32f10x_usart.o(.text)
    USART_Cmd                                0x08003a7b   Thumb Code    24  stm32f10x_usart.o(.text)
    USART_ITConfig                           0x08003a93   Thumb Code    74  stm32f10x_usart.o(.text)
    USART_DMACmd                             0x08003add   Thumb Code    18  stm32f10x_usart.o(.text)
    USART_SetAddress                         0x08003aef   Thumb Code    18  stm32f10x_usart.o(.text)
    USART_WakeUpConfig                       0x08003b01   Thumb Code    18  stm32f10x_usart.o(.text)
    USART_ReceiverWakeUpCmd                  0x08003b13   Thumb Code    24  stm32f10x_usart.o(.text)
    USART_LINBreakDetectLengthConfig         0x08003b2b   Thumb Code    18  stm32f10x_usart.o(.text)
    USART_LINCmd                             0x08003b3d   Thumb Code    24  stm32f10x_usart.o(.text)
    USART_SendData                           0x08003b55   Thumb Code     8  stm32f10x_usart.o(.text)
    USART_ReceiveData                        0x08003b5d   Thumb Code    10  stm32f10x_usart.o(.text)
    USART_SendBreak                          0x08003b67   Thumb Code    10  stm32f10x_usart.o(.text)
    USART_SetGuardTime                       0x08003b71   Thumb Code    16  stm32f10x_usart.o(.text)
    USART_SetPrescaler                       0x08003b81   Thumb Code    16  stm32f10x_usart.o(.text)
    USART_SmartCardCmd                       0x08003b91   Thumb Code    24  stm32f10x_usart.o(.text)
    USART_SmartCardNACKCmd                   0x08003ba9   Thumb Code    24  stm32f10x_usart.o(.text)
    USART_HalfDuplexCmd                      0x08003bc1   Thumb Code    24  stm32f10x_usart.o(.text)
    USART_OverSampling8Cmd                   0x08003bd9   Thumb Code    22  stm32f10x_usart.o(.text)
    USART_OneBitMethodCmd                    0x08003bef   Thumb Code    24  stm32f10x_usart.o(.text)
    USART_IrDAConfig                         0x08003c07   Thumb Code    18  stm32f10x_usart.o(.text)
    USART_IrDACmd                            0x08003c19   Thumb Code    24  stm32f10x_usart.o(.text)
    USART_GetFlagStatus                      0x08003c31   Thumb Code    26  stm32f10x_usart.o(.text)
    USART_ClearFlag                          0x08003c4b   Thumb Code    18  stm32f10x_usart.o(.text)
    USART_GetITStatus                        0x08003c5d   Thumb Code    84  stm32f10x_usart.o(.text)
    USART_ClearITPendingBit                  0x08003cb1   Thumb Code    52  stm32f10x_usart.o(.text)
    TIM_DeInit                               0x08003ce5   Thumb Code   424  stm32f10x_tim.o(.text)
    TIM_TimeBaseInit                         0x08003e8d   Thumb Code   122  stm32f10x_tim.o(.text)
    TIM_OC1Init                              0x08003f07   Thumb Code   132  stm32f10x_tim.o(.text)
    TIM_OC2Init                              0x08003f8b   Thumb Code   154  stm32f10x_tim.o(.text)
    TIM_OC3Init                              0x08004025   Thumb Code   150  stm32f10x_tim.o(.text)
    TIM_OC4Init                              0x080040bb   Thumb Code   182  stm32f10x_tim.o(.text)
    TIM_SetIC4Prescaler                      0x08004171   Thumb Code    26  stm32f10x_tim.o(.text)
    TIM_SetIC3Prescaler                      0x0800420d   Thumb Code    18  stm32f10x_tim.o(.text)
    TIM_SetIC2Prescaler                      0x08004299   Thumb Code    26  stm32f10x_tim.o(.text)
    TIM_SetIC1Prescaler                      0x08004335   Thumb Code    18  stm32f10x_tim.o(.text)
    TIM_ICInit                               0x080043b3   Thumb Code   150  stm32f10x_tim.o(.text)
    TIM_PWMIConfig                           0x08004449   Thumb Code   124  stm32f10x_tim.o(.text)
    TIM_BDTRConfig                           0x080044c5   Thumb Code    32  stm32f10x_tim.o(.text)
    TIM_TimeBaseStructInit                   0x080044e5   Thumb Code    18  stm32f10x_tim.o(.text)
    TIM_OCStructInit                         0x080044f7   Thumb Code    20  stm32f10x_tim.o(.text)
    TIM_ICStructInit                         0x0800450b   Thumb Code    18  stm32f10x_tim.o(.text)
    TIM_BDTRStructInit                       0x0800451d   Thumb Code    40  stm32f10x_tim.o(.text)
    TIM_Cmd                                  0x08004545   Thumb Code    24  stm32f10x_tim.o(.text)
    TIM_CtrlPWMOutputs                       0x0800455d   Thumb Code    30  stm32f10x_tim.o(.text)
    TIM_ITConfig                             0x0800457b   Thumb Code    18  stm32f10x_tim.o(.text)
    TIM_GenerateEvent                        0x0800458d   Thumb Code     4  stm32f10x_tim.o(.text)
    TIM_DMAConfig                            0x08004591   Thumb Code    10  stm32f10x_tim.o(.text)
    TIM_DMACmd                               0x0800459b   Thumb Code    18  stm32f10x_tim.o(.text)
    TIM_InternalClockConfig                  0x080045ad   Thumb Code    12  stm32f10x_tim.o(.text)
    TIM_SelectInputTrigger                   0x080045b9   Thumb Code    18  stm32f10x_tim.o(.text)
    TIM_ITRxExternalClockConfig              0x080045cb   Thumb Code    24  stm32f10x_tim.o(.text)
    TIM_TIxExternalClockConfig               0x080045e3   Thumb Code    62  stm32f10x_tim.o(.text)
    TIM_ETRConfig                            0x08004621   Thumb Code    28  stm32f10x_tim.o(.text)
    TIM_ETRClockMode1Config                  0x0800463d   Thumb Code    54  stm32f10x_tim.o(.text)
    TIM_ETRClockMode2Config                  0x08004673   Thumb Code    32  stm32f10x_tim.o(.text)
    TIM_PrescalerConfig                      0x08004693   Thumb Code     6  stm32f10x_tim.o(.text)
    TIM_CounterModeConfig                    0x08004699   Thumb Code    18  stm32f10x_tim.o(.text)
    TIM_EncoderInterfaceConfig               0x080046ab   Thumb Code    66  stm32f10x_tim.o(.text)
    TIM_ForcedOC1Config                      0x080046ed   Thumb Code    18  stm32f10x_tim.o(.text)
    TIM_ForcedOC2Config                      0x080046ff   Thumb Code    26  stm32f10x_tim.o(.text)
    TIM_ForcedOC3Config                      0x08004719   Thumb Code    18  stm32f10x_tim.o(.text)
    TIM_ForcedOC4Config                      0x0800472b   Thumb Code    26  stm32f10x_tim.o(.text)
    TIM_ARRPreloadConfig                     0x08004745   Thumb Code    24  stm32f10x_tim.o(.text)
    TIM_SelectCOM                            0x0800475d   Thumb Code    24  stm32f10x_tim.o(.text)
    TIM_SelectCCDMA                          0x08004775   Thumb Code    24  stm32f10x_tim.o(.text)
    TIM_CCPreloadControl                     0x0800478d   Thumb Code    24  stm32f10x_tim.o(.text)
    TIM_OC1PreloadConfig                     0x080047a5   Thumb Code    18  stm32f10x_tim.o(.text)
    TIM_OC2PreloadConfig                     0x080047b7   Thumb Code    26  stm32f10x_tim.o(.text)
    TIM_OC3PreloadConfig                     0x080047d1   Thumb Code    18  stm32f10x_tim.o(.text)
    TIM_OC4PreloadConfig                     0x080047e3   Thumb Code    26  stm32f10x_tim.o(.text)
    TIM_OC1FastConfig                        0x080047fd   Thumb Code    18  stm32f10x_tim.o(.text)
    TIM_OC2FastConfig                        0x0800480f   Thumb Code    26  stm32f10x_tim.o(.text)
    TIM_OC3FastConfig                        0x08004829   Thumb Code    18  stm32f10x_tim.o(.text)
    TIM_OC4FastConfig                        0x0800483b   Thumb Code    26  stm32f10x_tim.o(.text)
    TIM_ClearOC1Ref                          0x08004855   Thumb Code    18  stm32f10x_tim.o(.text)
    TIM_ClearOC2Ref                          0x08004867   Thumb Code    24  stm32f10x_tim.o(.text)
    TIM_ClearOC3Ref                          0x0800487f   Thumb Code    18  stm32f10x_tim.o(.text)
    TIM_ClearOC4Ref                          0x08004891   Thumb Code    24  stm32f10x_tim.o(.text)
    TIM_OC1PolarityConfig                    0x080048a9   Thumb Code    18  stm32f10x_tim.o(.text)
    TIM_OC1NPolarityConfig                   0x080048bb   Thumb Code    18  stm32f10x_tim.o(.text)
    TIM_OC2PolarityConfig                    0x080048cd   Thumb Code    26  stm32f10x_tim.o(.text)
    TIM_OC2NPolarityConfig                   0x080048e7   Thumb Code    26  stm32f10x_tim.o(.text)
    TIM_OC3PolarityConfig                    0x08004901   Thumb Code    26  stm32f10x_tim.o(.text)
    TIM_OC3NPolarityConfig                   0x0800491b   Thumb Code    26  stm32f10x_tim.o(.text)
    TIM_OC4PolarityConfig                    0x08004935   Thumb Code    26  stm32f10x_tim.o(.text)
    TIM_CCxCmd                               0x0800494f   Thumb Code    30  stm32f10x_tim.o(.text)
    TIM_CCxNCmd                              0x0800496d   Thumb Code    30  stm32f10x_tim.o(.text)
    TIM_SelectOCxM                           0x0800498b   Thumb Code    82  stm32f10x_tim.o(.text)
    TIM_UpdateDisableConfig                  0x080049dd   Thumb Code    24  stm32f10x_tim.o(.text)
    TIM_UpdateRequestConfig                  0x080049f5   Thumb Code    24  stm32f10x_tim.o(.text)
    TIM_SelectHallSensor                     0x08004a0d   Thumb Code    24  stm32f10x_tim.o(.text)
    TIM_SelectOnePulseMode                   0x08004a25   Thumb Code    18  stm32f10x_tim.o(.text)
    TIM_SelectOutputTrigger                  0x08004a37   Thumb Code    18  stm32f10x_tim.o(.text)
    TIM_SelectSlaveMode                      0x08004a49   Thumb Code    18  stm32f10x_tim.o(.text)
    TIM_SelectMasterSlaveMode                0x08004a5b   Thumb Code    18  stm32f10x_tim.o(.text)
    TIM_SetCounter                           0x08004a6d   Thumb Code     4  stm32f10x_tim.o(.text)
    TIM_SetAutoreload                        0x08004a71   Thumb Code     4  stm32f10x_tim.o(.text)
    TIM_SetCompare1                          0x08004a75   Thumb Code     4  stm32f10x_tim.o(.text)
    TIM_SetCompare2                          0x08004a79   Thumb Code     4  stm32f10x_tim.o(.text)
    TIM_SetCompare3                          0x08004a7d   Thumb Code     4  stm32f10x_tim.o(.text)
    TIM_SetCompare4                          0x08004a81   Thumb Code     6  stm32f10x_tim.o(.text)
    TIM_SetClockDivision                     0x08004a87   Thumb Code    18  stm32f10x_tim.o(.text)
    TIM_GetCapture1                          0x08004a99   Thumb Code     6  stm32f10x_tim.o(.text)
    TIM_GetCapture2                          0x08004a9f   Thumb Code     6  stm32f10x_tim.o(.text)
    TIM_GetCapture3                          0x08004aa5   Thumb Code     6  stm32f10x_tim.o(.text)
    TIM_GetCapture4                          0x08004aab   Thumb Code     8  stm32f10x_tim.o(.text)
    TIM_GetCounter                           0x08004ab3   Thumb Code     6  stm32f10x_tim.o(.text)
    TIM_GetPrescaler                         0x08004ab9   Thumb Code     6  stm32f10x_tim.o(.text)
    TIM_GetFlagStatus                        0x08004abf   Thumb Code    18  stm32f10x_tim.o(.text)
    TIM_ClearFlag                            0x08004ad1   Thumb Code     6  stm32f10x_tim.o(.text)
    TIM_GetITStatus                          0x08004ad7   Thumb Code    34  stm32f10x_tim.o(.text)
    TIM_ClearITPendingBit                    0x08004af9   Thumb Code     6  stm32f10x_tim.o(.text)
    SPI_I2S_DeInit                           0x08004b01   Thumb Code    76  stm32f10x_spi.o(.text)
    SPI_Init                                 0x08004b4d   Thumb Code    60  stm32f10x_spi.o(.text)
    I2S_Init                                 0x08004b89   Thumb Code   292  stm32f10x_spi.o(.text)
    SPI_StructInit                           0x08004cad   Thumb Code    24  stm32f10x_spi.o(.text)
    I2S_StructInit                           0x08004cc5   Thumb Code    20  stm32f10x_spi.o(.text)
    SPI_Cmd                                  0x08004cd9   Thumb Code    24  stm32f10x_spi.o(.text)
    I2S_Cmd                                  0x08004cf1   Thumb Code    24  stm32f10x_spi.o(.text)
    SPI_I2S_ITConfig                         0x08004d09   Thumb Code    32  stm32f10x_spi.o(.text)
    SPI_I2S_DMACmd                           0x08004d29   Thumb Code    18  stm32f10x_spi.o(.text)
    SPI_I2S_SendData                         0x08004d3b   Thumb Code     4  stm32f10x_spi.o(.text)
    SPI_I2S_ReceiveData                      0x08004d3f   Thumb Code     6  stm32f10x_spi.o(.text)
    SPI_NSSInternalSoftwareConfig            0x08004d45   Thumb Code    30  stm32f10x_spi.o(.text)
    SPI_SSOutputCmd                          0x08004d63   Thumb Code    24  stm32f10x_spi.o(.text)
    SPI_DataSizeConfig                       0x08004d7b   Thumb Code    18  stm32f10x_spi.o(.text)
    SPI_TransmitCRC                          0x08004d8d   Thumb Code    10  stm32f10x_spi.o(.text)
    SPI_CalculateCRC                         0x08004d97   Thumb Code    24  stm32f10x_spi.o(.text)
    SPI_GetCRC                               0x08004daf   Thumb Code    16  stm32f10x_spi.o(.text)
    SPI_GetCRCPolynomial                     0x08004dbf   Thumb Code     6  stm32f10x_spi.o(.text)
    SPI_BiDirectionalLineConfig              0x08004dc5   Thumb Code    28  stm32f10x_spi.o(.text)
    SPI_I2S_GetFlagStatus                    0x08004de1   Thumb Code    18  stm32f10x_spi.o(.text)
    SPI_I2S_ClearFlag                        0x08004df3   Thumb Code     6  stm32f10x_spi.o(.text)
    SPI_I2S_GetITStatus                      0x08004df9   Thumb Code    52  stm32f10x_spi.o(.text)
    SPI_I2S_ClearITPendingBit                0x08004e2d   Thumb Code    20  stm32f10x_spi.o(.text)
    disk_status                              0x08004e55   Thumb Code     6  diskio.o(.text)
    disk_initialize                          0x08004e5b   Thumb Code    48  diskio.o(.text)
    disk_read                                0x08004e8b   Thumb Code    68  diskio.o(.text)
    disk_write                               0x08004ecf   Thumb Code    52  diskio.o(.text)
    disk_ioctl                               0x08004f03   Thumb Code    96  diskio.o(.text)
    get_fattime                              0x08004f63   Thumb Code     4  diskio.o(.text)
    f_mount                                  0x08005e8b   Thumb Code    86  ff.o(.text)
    f_open                                   0x08005ee1   Thumb Code   498  ff.o(.text)
    f_read                                   0x080060d3   Thumb Code   444  ff.o(.text)
    f_write                                  0x0800628f   Thumb Code   494  ff.o(.text)
    f_sync                                   0x0800647d   Thumb Code   160  ff.o(.text)
    f_close                                  0x0800651d   Thumb Code    34  ff.o(.text)
    f_lseek                                  0x0800653f   Thumb Code   686  ff.o(.text)
    f_opendir                                0x080067ed   Thumb Code   112  ff.o(.text)
    f_closedir                               0x0800685d   Thumb Code    24  ff.o(.text)
    f_readdir                                0x08006875   Thumb Code    78  ff.o(.text)
    f_stat                                   0x080068c3   Thumb Code    62  ff.o(.text)
    f_getfree                                0x08006901   Thumb Code   252  ff.o(.text)
    f_truncate                               0x080069fd   Thumb Code   178  ff.o(.text)
    f_unlink                                 0x08006aaf   Thumb Code   170  ff.o(.text)
    f_mkdir                                  0x08006b59   Thumb Code   350  ff.o(.text)
    f_rename                                 0x08006cb7   Thumb Code   272  ff.o(.text)
    f_mkfs                                   0x08006dc7   Thumb Code  1656  ff.o(.text)
    f_gets                                   0x0800743f   Thumb Code    82  ff.o(.text)
    f_putc                                   0x0800750b   Thumb Code    34  ff.o(.text)
    f_puts                                   0x0800752d   Thumb Code    44  ff.o(.text)
    f_printf                                 0x08007559   Thumb Code   610  ff.o(.text)
    exfuns_init                              0x080077bd   Thumb Code   110  exfuns.o(.text)
    char_upper                               0x0800782b   Thumb Code    26  exfuns.o(.text)
    f_typetell                               0x08007845   Thumb Code   188  exfuns.o(.text)
    exf_getfree                              0x08007901   Thumb Code    74  exfuns.o(.text)
    mymemcpy                                 0x08007961   Thumb Code    26  malloc.o(.text)
    mymemset                                 0x0800797b   Thumb Code    20  malloc.o(.text)
    mem_init                                 0x0800798f   Thumb Code    54  malloc.o(.text)
    mem_perused                              0x080079c5   Thumb Code    54  malloc.o(.text)
    mem_malloc                               0x080079fb   Thumb Code   162  malloc.o(.text)
    mem_free                                 0x08007a9d   Thumb Code    94  malloc.o(.text)
    myfree                                   0x08007afb   Thumb Code    32  malloc.o(.text)
    mymalloc                                 0x08007b1b   Thumb Code    36  malloc.o(.text)
    myrealloc                                0x08007b3f   Thumb Code    68  malloc.o(.text)
    __use_no_semihosting                     0x08007b95   Thumb Code     2  use_no_semi_2.o(.text)
    strstr                                   0x08007b97   Thumb Code    36  strstr.o(.text)
    strcpy                                   0x08007bbb   Thumb Code    72  strcpy.o(.text)
    __aeabi_memcpy                           0x08007c03   Thumb Code     0  rt_memcpy_v6.o(.text)
    __rt_memcpy                              0x08007c03   Thumb Code   138  rt_memcpy_v6.o(.text)
    _memcpy_lastbytes                        0x08007c69   Thumb Code     0  rt_memcpy_v6.o(.text)
    __aeabi_memcpy4                          0x08007c8d   Thumb Code     0  rt_memcpy_w.o(.text)
    __aeabi_memcpy8                          0x08007c8d   Thumb Code     0  rt_memcpy_w.o(.text)
    __rt_memcpy_w                            0x08007c8d   Thumb Code   100  rt_memcpy_w.o(.text)
    _memcpy_lastbytes_aligned                0x08007cd5   Thumb Code     0  rt_memcpy_w.o(.text)
    __aeabi_memclr                           0x08007cf1   Thumb Code     0  rt_memclr.o(.text)
    __rt_memclr                              0x08007cf1   Thumb Code    68  rt_memclr.o(.text)
    _memset                                  0x08007cf5   Thumb Code     0  rt_memclr.o(.text)
    strcmp                                   0x08007d35   Thumb Code   128  strcmpv7m.o(.text)
    __use_two_region_memory                  0x08007db5   Thumb Code     2  heapauxi.o(.text)
    __rt_heap_escrow$2region                 0x08007db7   Thumb Code     2  heapauxi.o(.text)
    __rt_heap_expand$2region                 0x08007db9   Thumb Code     2  heapauxi.o(.text)
    __I$use$semihosting                      0x08007dbb   Thumb Code     0  use_no_semi.o(.text)
    __use_no_semihosting_swi                 0x08007dbb   Thumb Code     2  use_no_semi.o(.text)
    __aeabi_memclr4                          0x08007dbd   Thumb Code     0  rt_memclr_w.o(.text)
    __aeabi_memclr8                          0x08007dbd   Thumb Code     0  rt_memclr_w.o(.text)
    __rt_memclr_w                            0x08007dbd   Thumb Code    78  rt_memclr_w.o(.text)
    _memset_w                                0x08007dc1   Thumb Code     0  rt_memclr_w.o(.text)
    __user_setup_stackheap                   0x08007e0b   Thumb Code    74  sys_stackheap_outer.o(.text)
    exit                                     0x08007e55   Thumb Code    12  exit.o(.text)
    __user_libspace                          0x08007e61   Thumb Code     8  libspace.o(.text)
    __user_perproc_libspace                  0x08007e61   Thumb Code     0  libspace.o(.text)
    __user_perthread_libspace                0x08007e61   Thumb Code     0  libspace.o(.text)
    memtblsize                               0x08007e84   Data           8  malloc.o(.constdata)
    memblksize                               0x08007e8c   Data           8  malloc.o(.constdata)
    memsize                                  0x08007e94   Data           8  malloc.o(.constdata)
    Region$$Table$$Base                      0x08007f00   Number         0  anon$$obj.o(Region$$Table)
    Region$$Table$$Limit                     0x08007f20   Number         0  anon$$obj.o(Region$$Table)
    SystemCoreClock                          0x20000000   Data           4  system_stm32f10x.o(.data)
    AHBPrescTable                            0x20000004   Data          16  system_stm32f10x.o(.data)
    VMS300                                   0x20000014   Data           4  can.o(.data)
    VMS301                                   0x20000018   Data           4  can.o(.data)
    VMS401                                   0x2000001c   Data           5  can.o(.data)
    MC302                                    0x20000021   Data           7  can.o(.data)
    MC303                                    0x20000028   Data           5  can.o(.data)
    MC304                                    0x2000002d   Data           7  can.o(.data)
    MC305                                    0x20000034   Data           8  can.o(.data)
    MC306                                    0x2000003c   Data           8  can.o(.data)
    MC307                                    0x20000044   Data           8  can.o(.data)
    MC308                                    0x2000004c   Data           8  can.o(.data)
    MC309                                    0x20000054   Data           5  can.o(.data)
    BMS310                                   0x20000059   Data           6  can.o(.data)
    BMS311                                   0x2000005f   Data           8  can.o(.data)
    BMS412                                   0x20000067   Data           8  can.o(.data)
    CCF320                                   0x2000006f   Data           8  can.o(.data)
    CCF321                                   0x20000077   Data           5  can.o(.data)
    CCR322                                   0x2000007c   Data           5  can.o(.data)
    CCF323                                   0x20000081   Data           6  can.o(.data)
    CCF324                                   0x20000087   Data           6  can.o(.data)
    CCF325                                   0x2000008d   Data           4  can.o(.data)
    DTU340                                   0x20000091   Data           8  can.o(.data)
    STWP350                                  0x20000099   Data           4  can.o(.data)
    VMS360                                   0x2000009d   Data           8  can.o(.data)
    VMS329                                   0x200000a5   Data           8  can.o(.data)
    VMS32A                                   0x200000ad   Data           8  can.o(.data)
    VMS32B                                   0x200000b5   Data           8  can.o(.data)
    VMS32C                                   0x200000bd   Data           8  can.o(.data)
    flag300                                  0x200000c5   Data           1  can.o(.data)
    flag301                                  0x200000c6   Data           1  can.o(.data)
    flag302                                  0x200000c7   Data           1  can.o(.data)
    flag303                                  0x200000c8   Data           1  can.o(.data)
    flag304                                  0x200000c9   Data           1  can.o(.data)
    flag305                                  0x200000ca   Data           1  can.o(.data)
    flag306                                  0x200000cb   Data           1  can.o(.data)
    flag307                                  0x200000cc   Data           1  can.o(.data)
    flag308                                  0x200000cd   Data           1  can.o(.data)
    flag309                                  0x200000ce   Data           1  can.o(.data)
    flag310                                  0x200000cf   Data           1  can.o(.data)
    flag311                                  0x200000d0   Data           1  can.o(.data)
    flag320                                  0x200000d1   Data           1  can.o(.data)
    flag321                                  0x200000d2   Data           1  can.o(.data)
    flag328                                  0x200000d3   Data           1  can.o(.data)
    flag322                                  0x200000d4   Data           1  can.o(.data)
    flag323                                  0x200000d5   Data           1  can.o(.data)
    flag324                                  0x200000d6   Data           1  can.o(.data)
    flag325                                  0x200000d7   Data           1  can.o(.data)
    flag340                                  0x200000d8   Data           1  can.o(.data)
    flag350                                  0x200000d9   Data           1  can.o(.data)
    flag360                                  0x200000da   Data           1  can.o(.data)
    flag401                                  0x200000db   Data           1  can.o(.data)
    flag412                                  0x200000dc   Data           1  can.o(.data)
    flag329                                  0x200000dd   Data           1  can.o(.data)
    flag32A                                  0x200000de   Data           1  can.o(.data)
    flag32B                                  0x200000df   Data           1  can.o(.data)
    flag32C                                  0x200000e0   Data           1  can.o(.data)
    FLA310                                   0x200000e4   Data           1  timer.o(.data)
    FLA_310                                  0x200000e5   Data           1  timer.o(.data)
    sendFlag                                 0x200000e8   Data           4  timer.o(.data)
    SD_Type                                  0x200000ec   Data           1  mmc_sd.o(.data)
    SysDate                                  0x200000ee   Data           8  ds1302.o(.data)
    rxdatabufer                              0x200000fc   Data           1  usart.o(.data)
    point1                                   0x200000fe   Data           2  usart.o(.data)
    __stdout                                 0x20000100   Data           4  usart.o(.data)
    USART_RX_STA                             0x20000104   Data           2  usart.o(.data)
    FILE_TYPE_TBL                            0x20000124   Data         312  exfuns.o(.data)
    fs                                       0x2000025c   Data           8  exfuns.o(.data)
    file                                     0x20000264   Data           4  exfuns.o(.data)
    ftemp                                    0x20000268   Data           4  exfuns.o(.data)
    br                                       0x2000026c   Data           4  exfuns.o(.data)
    bw                                       0x20000270   Data           4  exfuns.o(.data)
    fatbuf                                   0x20000274   Data           4  exfuns.o(.data)
    mallco_dev                               0x20000278   Data          28  malloc.o(.data)
    Save_Data                                0x20000294   Data         121  usart.o(.bss)
    USART_RX_BUF                             0x2000030d   Data         200  usart.o(.bss)
    mem1base                                 0x200003d8   Data       40960  malloc.o(.bss)
    mem1mapbase                              0x2000a3d8   Data        2560  malloc.o(.bss)
    __libspace_start                         0x2000add8   Data          96  libspace.o(.bss)
    __temporary_stack_top$libspace           0x2000ae38   Data           0  libspace.o(.bss)
    mem2base                                 0x68000000   Data       196608  malloc.o(.ARM.__AT_0x68000000)
    mem2mapbase                              0x68030000   Data       12288  malloc.o(.ARM.__AT_0x68030000)



==============================================================================

Memory Map of the image

  Image Entry point : 0x08000131

  Load Region LR_IROM1 (Base: 0x08000000, Size: 0x000081b4, Max: 0x00020000, ABSOLUTE, COMPRESSED[0x00007fac])

    Execution Region ER_IROM1 (Base: 0x08000000, Size: 0x00007f20, Max: 0x00020000, ABSOLUTE)

    Base Addr    Size         Type   Attr      Idx    E Section Name        Object

    0x08000000   0x00000130   Data   RO          389    RESET               startup_stm32f10x_hd.o
    0x08000130   0x00000008   Code   RO          620  * !!!main             c_w.l(__main.o)
    0x08000138   0x00000034   Code   RO          778    !!!scatter          c_w.l(__scatter.o)
    0x0800016c   0x0000005a   Code   RO          776    !!dczerorl2         c_w.l(__dczerorl2.o)
    0x080001c6   0x00000002   PAD
    0x080001c8   0x0000001c   Code   RO          780    !!handler_zi        c_w.l(__scatter_zi.o)
    0x080001e4   0x00000002   Code   RO          651    .ARM.Collect$$libinit$$00000000  c_w.l(libinit.o)
    0x080001e6   0x00000000   Code   RO          658    .ARM.Collect$$libinit$$00000002  c_w.l(libinit2.o)
    0x080001e6   0x00000000   Code   RO          660    .ARM.Collect$$libinit$$00000004  c_w.l(libinit2.o)
    0x080001e6   0x00000000   Code   RO          663    .ARM.Collect$$libinit$$0000000A  c_w.l(libinit2.o)
    0x080001e6   0x00000000   Code   RO          665    .ARM.Collect$$libinit$$0000000C  c_w.l(libinit2.o)
    0x080001e6   0x00000000   Code   RO          667    .ARM.Collect$$libinit$$0000000E  c_w.l(libinit2.o)
    0x080001e6   0x00000000   Code   RO          670    .ARM.Collect$$libinit$$00000011  c_w.l(libinit2.o)
    0x080001e6   0x00000000   Code   RO          672    .ARM.Collect$$libinit$$00000013  c_w.l(libinit2.o)
    0x080001e6   0x00000000   Code   RO          674    .ARM.Collect$$libinit$$00000015  c_w.l(libinit2.o)
    0x080001e6   0x00000000   Code   RO          676    .ARM.Collect$$libinit$$00000017  c_w.l(libinit2.o)
    0x080001e6   0x00000000   Code   RO          678    .ARM.Collect$$libinit$$00000019  c_w.l(libinit2.o)
    0x080001e6   0x00000000   Code   RO          680    .ARM.Collect$$libinit$$0000001B  c_w.l(libinit2.o)
    0x080001e6   0x00000000   Code   RO          682    .ARM.Collect$$libinit$$0000001D  c_w.l(libinit2.o)
    0x080001e6   0x00000000   Code   RO          684    .ARM.Collect$$libinit$$0000001F  c_w.l(libinit2.o)
    0x080001e6   0x00000000   Code   RO          686    .ARM.Collect$$libinit$$00000021  c_w.l(libinit2.o)
    0x080001e6   0x00000000   Code   RO          688    .ARM.Collect$$libinit$$00000023  c_w.l(libinit2.o)
    0x080001e6   0x00000000   Code   RO          690    .ARM.Collect$$libinit$$00000025  c_w.l(libinit2.o)
    0x080001e6   0x00000000   Code   RO          694    .ARM.Collect$$libinit$$0000002C  c_w.l(libinit2.o)
    0x080001e6   0x00000000   Code   RO          696    .ARM.Collect$$libinit$$0000002E  c_w.l(libinit2.o)
    0x080001e6   0x00000000   Code   RO          698    .ARM.Collect$$libinit$$00000030  c_w.l(libinit2.o)
    0x080001e6   0x00000000   Code   RO          700    .ARM.Collect$$libinit$$00000032  c_w.l(libinit2.o)
    0x080001e6   0x00000002   Code   RO          701    .ARM.Collect$$libinit$$00000033  c_w.l(libinit2.o)
    0x080001e8   0x00000002   Code   RO          719    .ARM.Collect$$libshutdown$$00000000  c_w.l(libshutdown.o)
    0x080001ea   0x00000000   Code   RO          730    .ARM.Collect$$libshutdown$$00000003  c_w.l(libshutdown2.o)
    0x080001ea   0x00000000   Code   RO          733    .ARM.Collect$$libshutdown$$00000006  c_w.l(libshutdown2.o)
    0x080001ea   0x00000000   Code   RO          736    .ARM.Collect$$libshutdown$$00000009  c_w.l(libshutdown2.o)
    0x080001ea   0x00000000   Code   RO          738    .ARM.Collect$$libshutdown$$0000000B  c_w.l(libshutdown2.o)
    0x080001ea   0x00000000   Code   RO          741    .ARM.Collect$$libshutdown$$0000000E  c_w.l(libshutdown2.o)
    0x080001ea   0x00000002   Code   RO          742    .ARM.Collect$$libshutdown$$0000000F  c_w.l(libshutdown2.o)
    0x080001ec   0x00000000   Code   RO          624    .ARM.Collect$$rtentry$$00000000  c_w.l(__rtentry.o)
    0x080001ec   0x00000000   Code   RO          628    .ARM.Collect$$rtentry$$00000002  c_w.l(__rtentry2.o)
    0x080001ec   0x00000006   Code   RO          640    .ARM.Collect$$rtentry$$00000004  c_w.l(__rtentry4.o)
    0x080001f2   0x00000000   Code   RO          630    .ARM.Collect$$rtentry$$00000009  c_w.l(__rtentry2.o)
    0x080001f2   0x00000004   Code   RO          631    .ARM.Collect$$rtentry$$0000000A  c_w.l(__rtentry2.o)
    0x080001f6   0x00000000   Code   RO          633    .ARM.Collect$$rtentry$$0000000C  c_w.l(__rtentry2.o)
    0x080001f6   0x00000008   Code   RO          634    .ARM.Collect$$rtentry$$0000000D  c_w.l(__rtentry2.o)
    0x080001fe   0x00000002   Code   RO          655    .ARM.Collect$$rtexit$$00000000  c_w.l(rtexit.o)
    0x08000200   0x00000000   Code   RO          703    .ARM.Collect$$rtexit$$00000002  c_w.l(rtexit2.o)
    0x08000200   0x00000004   Code   RO          704    .ARM.Collect$$rtexit$$00000003  c_w.l(rtexit2.o)
    0x08000204   0x00000006   Code   RO          705    .ARM.Collect$$rtexit$$00000004  c_w.l(rtexit2.o)
    0x0800020a   0x00000002   PAD
    0x0800020c   0x00000834   Code   RO            1    .text               main.o
    0x08000a40   0x0000001a   Code   RO          126    .text               stm32f10x_it.o
    0x08000a5a   0x00000002   PAD
    0x08000a5c   0x00000284   Code   RO          164    .text               system_stm32f10x.o
    0x08000ce0   0x00000154   Code   RO          182    .text               dataprocess.o
    0x08000e34   0x00000034   Code   RO          216    .text               led.o
    0x08000e68   0x0000065c   Code   RO          228    .text               can.o
    0x080014c4   0x0000009c   Code   RO          246    .text               timer.o
    0x08001560   0x000000e8   Code   RO          264    .text               wireless.o
    0x08001648   0x00000534   Code   RO          276    .text               mmc_sd.o
    0x08001b7c   0x00000104   Code   RO          297    .text               spi.o
    0x08001c80   0x00000528   Code   RO          309    .text               ds1302.o
    0x080021a8   0x000000d4   Code   RO          327    .text               delay.o
    0x0800227c   0x0000000c   Code   RO          341    .text               sys.o
    0x08002288   0x000002e8   Code   RO          353    .text               usart.o
    0x08002570   0x00000040   Code   RO          390    .text               startup_stm32f10x_hd.o
    0x080025b0   0x000000dc   Code   RO          394    .text               misc.o
    0x0800268c   0x0000035c   Code   RO          418    .text               stm32f10x_gpio.o
    0x080029e8   0x00000504   Code   RO          430    .text               stm32f10x_rcc.o
    0x08002eec   0x000009f0   Code   RO          444    .text               stm32f10x_can.o
    0x080038dc   0x00000408   Code   RO          456    .text               stm32f10x_usart.o
    0x08003ce4   0x00000e1a   Code   RO          468    .text               stm32f10x_tim.o
    0x08004afe   0x00000002   PAD
    0x08004b00   0x00000354   Code   RO          492    .text               stm32f10x_spi.o
    0x08004e54   0x00000118   Code   RO          516    .text               diskio.o
    0x08004f6c   0x0000284e   Code   RO          531    .text               ff.o
    0x080077ba   0x00000002   PAD
    0x080077bc   0x000001a4   Code   RO          549    .text               exfuns.o
    0x08007960   0x00000234   Code   RO          580    .text               malloc.o
    0x08007b94   0x00000002   Code   RO          604    .text               c_w.l(use_no_semi_2.o)
    0x08007b96   0x00000024   Code   RO          606    .text               c_w.l(strstr.o)
    0x08007bba   0x00000048   Code   RO          608    .text               c_w.l(strcpy.o)
    0x08007c02   0x0000008a   Code   RO          610    .text               c_w.l(rt_memcpy_v6.o)
    0x08007c8c   0x00000064   Code   RO          612    .text               c_w.l(rt_memcpy_w.o)
    0x08007cf0   0x00000044   Code   RO          614    .text               c_w.l(rt_memclr.o)
    0x08007d34   0x00000080   Code   RO          616    .text               c_w.l(strcmpv7m.o)
    0x08007db4   0x00000006   Code   RO          618    .text               c_w.l(heapauxi.o)
    0x08007dba   0x00000002   Code   RO          622    .text               c_w.l(use_no_semi.o)
    0x08007dbc   0x0000004e   Code   RO          625    .text               c_w.l(rt_memclr_w.o)
    0x08007e0a   0x0000004a   Code   RO          642    .text               c_w.l(sys_stackheap_outer.o)
    0x08007e54   0x0000000c   Code   RO          644    .text               c_w.l(exit.o)
    0x08007e60   0x00000008   Code   RO          652    .text               c_w.l(libspace.o)
    0x08007e68   0x0000001c   Data   RO          532    .constdata          ff.o
    0x08007e84   0x00000018   Data   RO          584    .constdata          malloc.o
    0x08007e9c   0x00000064   Data   RO          551    .conststring        exfuns.o
    0x08007f00   0x00000020   Data   RO          774    Region$$Table       anon$$obj.o


    Execution Region RW_IRAM1 (Base: 0x20000000, Size: 0x0000b438, Max: 0x00010000, ABSOLUTE, COMPRESSED[0x0000008c])

    Base Addr    Size         Type   Attr      Idx    E Section Name        Object

    0x20000000   0x00000014   Data   RW          165    .data               system_stm32f10x.o
    0x20000014   0x000000cd   Data   RW          229    .data               can.o
    0x200000e1   0x00000003   PAD
    0x200000e4   0x00000008   Data   RW          247    .data               timer.o
    0x200000ec   0x00000001   Data   RW          277    .data               mmc_sd.o
    0x200000ed   0x00000001   PAD
    0x200000ee   0x00000008   Data   RW          310    .data               ds1302.o
    0x200000f6   0x00000004   Data   RW          328    .data               delay.o
    0x200000fa   0x00000002   PAD
    0x200000fc   0x0000000a   Data   RW          355    .data               usart.o
    0x20000106   0x00000014   Data   RW          431    .data               stm32f10x_rcc.o
    0x2000011a   0x00000002   PAD
    0x2000011c   0x00000006   Data   RW          533    .data               ff.o
    0x20000122   0x00000002   PAD
    0x20000124   0x00000154   Data   RW          552    .data               exfuns.o
    0x20000278   0x0000001c   Data   RW          585    .data               malloc.o
    0x20000294   0x00000141   Zero   RW          354    .bss                usart.o
    0x200003d5   0x00000003   PAD
    0x200003d8   0x0000aa00   Zero   RW          583    .bss                malloc.o
    0x2000add8   0x00000060   Zero   RW          653    .bss                c_w.l(libspace.o)
    0x2000ae38   0x00000200   Zero   RW          388    HEAP                startup_stm32f10x_hd.o
    0x2000b038   0x00000400   Zero   RW          387    STACK               startup_stm32f10x_hd.o



  Load Region LR$$.ARM.__AT_0x68000000 (Base: 0x68000000, Size: 0x00000000, Max: 0x00030000, ABSOLUTE)

    Execution Region ER$$.ARM.__AT_0x68000000 (Base: 0x68000000, Size: 0x00030000, Max: 0x00030000, ABSOLUTE, UNINIT)

    Base Addr    Size         Type   Attr      Idx    E Section Name        Object

    0x68000000   0x00030000   Zero   RW          581    .ARM.__AT_0x68000000  malloc.o



  Load Region LR$$.ARM.__AT_0x68030000 (Base: 0x68030000, Size: 0x00000000, Max: 0x00003000, ABSOLUTE)

    Execution Region ER$$.ARM.__AT_0x68030000 (Base: 0x68030000, Size: 0x00003000, Max: 0x00003000, ABSOLUTE, UNINIT)

    Base Addr    Size         Type   Attr      Idx    E Section Name        Object

    0x68030000   0x00003000   Zero   RW          582    .ARM.__AT_0x68030000  malloc.o


==============================================================================

Image component sizes


      Code (inc. data)   RO Data    RW Data    ZI Data      Debug   Object Name

      1628        224          0        205          0       6440   can.o
         0          0          0          0          0         32   core_cm3.o
       340          4          0          0          0       4432   dataprocess.o
       212         18          0          4          0       1023   delay.o
       280          6          0          0          0       3310   diskio.o
      1320         12          0          8          0       4478   ds1302.o
       420         22        100        340          0       2616   exfuns.o
     10318        136         28          6          0      30385   ff.o
        52          6          0          0          0        487   led.o
      2100        404          0          0          0     293227   main.o
       564         18         24         28     252416       4528   malloc.o
       220         22          0          0          0       1809   misc.o
      1332         16          0          1          0       6013   mmc_sd.o
       260         10          0          0          0       1093   spi.o
        64         26        304          0       1536        792   startup_stm32f10x_hd.o
      2544         38          0          0          0       7860   stm32f10x_can.o
       860         38          0          0          0       5653   stm32f10x_gpio.o
        26          0          0          0          0       1182   stm32f10x_it.o
      1284         64          0         20          0      11194   stm32f10x_rcc.o
       852         20          0          0          0       6586   stm32f10x_spi.o
      3610         88          0          0          0      22136   stm32f10x_tim.o
      1032         22          0          0          0       8376   stm32f10x_usart.o
        12          0          0          0          0        453   sys.o
       644         48          0         20          0       1911   system_stm32f10x.o
       156         10          0          8          0       1698   timer.o
       744         30          0         10        321       5135   usart.o
       232         18          0          0          0       1662   wireless.o

    ----------------------------------------------------------------------
     31112       1300        488        660     254276     434511   Object Totals
         0          0         32          0          0          0   (incl. Generated)
         6          0          0         10          3          0   (incl. Padding)

    ----------------------------------------------------------------------

      Code (inc. data)   RO Data    RW Data    ZI Data      Debug   Library Member Name

        90          0          0          0          0          0   __dczerorl2.o
         8          0          0          0          0         68   __main.o
         0          0          0          0          0          0   __rtentry.o
        12          0          0          0          0          0   __rtentry2.o
         6          0          0          0          0          0   __rtentry4.o
        52          8          0          0          0          0   __scatter.o
        28          0          0          0          0          0   __scatter_zi.o
        12          0          0          0          0         72   exit.o
         6          0          0          0          0        152   heapauxi.o
         2          0          0          0          0          0   libinit.o
         2          0          0          0          0          0   libinit2.o
         2          0          0          0          0          0   libshutdown.o
         2          0          0          0          0          0   libshutdown2.o
         8          4          0          0         96         68   libspace.o
        68          0          0          0          0         68   rt_memclr.o
        78          0          0          0          0         80   rt_memclr_w.o
       138          0          0          0          0         68   rt_memcpy_v6.o
       100          0          0          0          0         80   rt_memcpy_w.o
         2          0          0          0          0          0   rtexit.o
        10          0          0          0          0          0   rtexit2.o
       128          0          0          0          0         68   strcmpv7m.o
        72          0          0          0          0         80   strcpy.o
        36          0          0          0          0         80   strstr.o
        74          0          0          0          0         80   sys_stackheap_outer.o
         2          0          0          0          0         68   use_no_semi.o
         2          0          0          0          0         68   use_no_semi_2.o

    ----------------------------------------------------------------------
       944         12          0          0         96       1100   Library Totals
         4          0          0          0          0          0   (incl. Padding)

    ----------------------------------------------------------------------

      Code (inc. data)   RO Data    RW Data    ZI Data      Debug   Library Name

       940         12          0          0         96       1100   c_w.l

    ----------------------------------------------------------------------
       944         12          0          0         96       1100   Library Totals

    ----------------------------------------------------------------------

==============================================================================


      Code (inc. data)   RO Data    RW Data    ZI Data      Debug   

     32056       1312        488        660     254372     433059   Grand Totals
     32056       1312        488        140     254372     433059   ELF Image Totals (compressed)
     32056       1312        488        140          0          0   ROM Totals

==============================================================================

    Total RO  Size (Code + RO Data)                32544 (  31.78kB)
    Total RW  Size (RW Data + ZI Data)            255032 ( 249.05kB)
    Total ROM Size (Code + RO Data + RW Data)      32684 (  31.92kB)

==============================================================================

