<html>
<body>
<pre>
<h1>礦ision Build Log</h1>
<h2>Tool Versions:</h2>
IDE-Version: μVision V5.14.0.0
Copyright (C) 2015 ARM Ltd and ARM Germany GmbH. All rights reserved.
License Information: 1 Administrator, 1, LIC=8VRAR-KSR5N-PZTWB-24C3U-9IMFN-M55AK
 
Tool Versions:
Toolchain:       MDK-ARM Standard  Version: 5.14.0.0
Toolchain Path:  E:\keil\ARM\ARMCC\Bin
C Compiler:      Armcc.exe V5.05 update 1 (build 106)
Assembler:       Armasm.exe V5.05 update 1 (build 106)
Linker/Locator:  ArmLink.exe V5.05 update 1 (build 106)
Library Manager: ArmAr.exe V5.05 update 1 (build 106)
Hex Converter:   FromElf.exe V5.05 update 1 (build 106)
CPU DLL:         SARMCM3.DLL V5.14.0.0
Dialog DLL:      DCM.DLL V1.13.1.0
Target DLL:      Segger\JL2CM3.dll V2.99.13.0
Dialog DLL:      TCM.DLL V1.14.4.0
 
<h2>Project:</h2>
F:\车队\数采\DRe17无线数采v4.4\DRe17无线数采v4.3\USER\CAN.uvprojx
Project File Date:  08/24/2018

<h2>Output:</h2>
Build target 'Target 1'
compiling main.c...
..\USER\dataProcess.h(70): warning:  #1-D: last line of file ends without a newline
  #endif
..\HARDWARE\WIRELESS\wireless.h(6): warning:  #1295-D: Deprecated declaration wireless_init - give arg types
  void wireless_init();
..\HARDWARE\WIRELESS\wireless.h(10): warning:  #1-D: last line of file ends without a newline
  #endif
test_part.h(5): warning:  #1295-D: Deprecated declaration test_led - give arg types
  void test_led();
test_part.h(6): warning:  #1295-D: Deprecated declaration test_wireless - give arg types
  void test_wireless();
test_part.h(7): warning:  #1295-D: Deprecated declaration test_canloopback - give arg types
  void test_canloopback();
test_part.h(8): warning:  #1295-D: Deprecated declaration test_cannormal - give arg types
  void test_cannormal();
test_part.h(9): warning:  #1295-D: Deprecated declaration test_rtc - give arg types
  void test_rtc();
test_part.h(10): warning:  #1295-D: Deprecated declaration test_sd - give arg types
  void test_sd();
test_part.h(11): warning:  #1295-D: Deprecated declaration test_SDandRTC - give arg types
  void test_SDandRTC();
test_part.h(16): warning:  #1-D: last line of file ends without a newline
  #endif
main.c(23): warning:  #177-D: variable "arraylist" was declared but never referenced
      unsigned char arraylist[8]={'2','2','3','4','5','6','7','8'};
main.c(26): warning:  #177-D: variable "res" was declared but never referenced
        FRESULT res;
main.c(29): warning:  #177-D: variable "dirname" was declared but never referenced
        char dirname[]="17-06-06";
main.c(30): warning:  #177-D: variable "txtname" was declared but never referenced
        char txtname[]="17-06-06/00-00.txt";
main.c: 15 warnings, 0 errors
linking...
Program Size: Code=32056 RO-data=488 RW-data=660 ZI-data=254372  
FromELF: creating hex file...
"..\OBJ\CAN.axf" - 0 Error(s), 15 Warning(s).

<h2>Collection of Component include folders:</h2>
  F:\车队\数采\DRe17无线数采v4.4\DRe17无线数采v4.3\USER\RTE
  E:\keil\ARM\PACK\Keil\STM32F1xx_DFP\2.2.0

<h2>Collection of Component Files used:</h2>
</pre>
</body>
</html>
